鐢熸垚鍚姩鏃堕棿涓?2026/2/28 22:12:04銆?
     1>椤圭洰鈥淓:\_Free code\WinTab\WinTab.slnx鈥濆湪鑺傜偣 1 涓?Restore 涓洰鏍?銆?
     1>ValidateSolutionConfiguration:
         姝ｅ湪鐢熸垚瑙ｅ喅鏂规閰嶇疆鈥淒ebug|Any CPU鈥濄€?
       _GetAllRestoreProjectPathItems:
         姝ｅ湪纭畾瑕佽繕鍘熺殑椤圭洰鈥?
       Restore:
         X.509 璇佷功閾鹃獙璇佸皢浣跨敤 .NET 閫夋嫨鐨勯粯璁や俊浠诲瓨鍌ㄨ繘琛屼唬鐮佺鍚嶃€?
         X.509 璇佷功閾鹃獙璇佸皢浣跨敤 .NET 閫夋嫨鐨勯粯璁や俊浠诲瓨鍌ㄨ繘琛屾椂闂存埑銆?
         璧勪骇鏂囦欢鏈敼鍙樸€傝烦杩囪祫浜ф枃浠跺啓鍏ャ€傝矾寰? E:\_Free code\WinTab\src\WinTab.App\obj\project.assets.json
         璧勪骇鏂囦欢鏈敼鍙樸€傝烦杩囪祫浜ф枃浠跺啓鍏ャ€傝矾寰? E:\_Free code\WinTab\src\WinTab.UI\obj\project.assets.json
         璧勪骇鏂囦欢鏈敼鍙樸€傝烦杩囪祫浜ф枃浠跺啓鍏ャ€傝矾寰? E:\_Free code\WinTab\src\WinTab.Diagnostics\obj\project.assets.json
         璧勪骇鏂囦欢鏈敼鍙樸€傝烦杩囪祫浜ф枃浠跺啓鍏ャ€傝矾寰? E:\_Free code\WinTab\src\WinTab.Tests\obj\project.assets.json
         璧勪骇鏂囦欢鏈敼鍙樸€傝烦杩囪祫浜ф枃浠跺啓鍏ャ€傝矾寰? E:\_Free code\WinTab\src\WinTab.Platform.Win32\obj\project.assets.json
         璧勪骇鏂囦欢鏈敼鍙樸€傝烦杩囪祫浜ф枃浠跺啓鍏ャ€傝矾寰? E:\_Free code\WinTab\src\WinTab.Persistence\obj\project.assets.json
         璧勪骇鏂囦欢鏈敼鍙樸€傝烦杩囪祫浜ф枃浠跺啓鍏ャ€傝矾寰? E:\_Free code\WinTab\src\WinTab.Core\obj\project.assets.json
         宸茶繕鍘?E:\_Free code\WinTab\src\WinTab.Core\WinTab.Core.csproj (鐢ㄦ椂 41 姣)銆?
         宸茶繕鍘?E:\_Free code\WinTab\src\WinTab.Persistence\WinTab.Persistence.csproj (鐢ㄦ椂 41 姣)銆?
         宸茶繕鍘?E:\_Free code\WinTab\src\WinTab.Diagnostics\WinTab.Diagnostics.csproj (鐢ㄦ椂 41 姣)銆?
         宸茶繕鍘?E:\_Free code\WinTab\src\WinTab.Platform.Win32\WinTab.Platform.Win32.csproj (鐢ㄦ椂 41 姣)銆?
         宸茶繕鍘?E:\_Free code\WinTab\src\WinTab.App\WinTab.App.csproj (鐢ㄦ椂 41 姣)銆?
         宸茶繕鍘?E:\_Free code\WinTab\src\WinTab.UI\WinTab.UI.csproj (鐢ㄦ椂 41 姣)銆?
         宸茶繕鍘?E:\_Free code\WinTab\src\WinTab.Tests\WinTab.Tests.csproj (鐢ㄦ椂 41 姣)銆?
         
         浣跨敤鐨?NuGet 閰嶇疆鏂囦欢:
             C:\Users\bigfa\AppData\Roaming\NuGet\NuGet.Config
             C:\Program Files (x86)\NuGet\Config\Microsoft.VisualStudio.FallbackLocation.config
             C:\Program Files (x86)\NuGet\Config\Microsoft.VisualStudio.Offline.config
         
         浣跨敤鐨勬簮:
             https://api.nuget.org/v3/index.json
             C:\Program Files (x86)\Microsoft SDKs\NuGetPackages\
         鎵€鏈夐」鐩潎鏄渶鏂扮殑锛屾棤娉曡繕鍘熴€?
     1>宸插畬鎴愮敓鎴愰」鐩€淓:\_Free code\WinTab\WinTab.slnx鈥?Restore 涓洰鏍?鐨勬搷浣溿€?
   1:2>鑺傜偣 1 涓婄殑椤圭洰鈥淓:\_Free code\WinTab\WinTab.slnx鈥?榛樿鐩爣)銆?
     1>ValidateSolutionConfiguration:
         姝ｅ湪鐢熸垚瑙ｅ喅鏂规閰嶇疆鈥淒ebug|Any CPU鈥濄€?
   1:2>椤圭洰鈥淓:\_Free code\WinTab\WinTab.slnx鈥?1:2)姝ｅ湪鑺傜偣 5 涓婄敓鎴愨€淓:\_Free code\WinTab\src\WinTab.Core\WinTab.Core.csproj鈥?2:11) (榛樿鐩爣)銆?
     2>GenerateTargetFrameworkMonikerAttribute:
       姝ｅ湪璺宠繃鐩爣鈥淕enerateTargetFrameworkMonikerAttribute鈥濓紝鍥犱负鎵€鏈夎緭鍑烘枃浠剁浉瀵逛簬杈撳叆鏂囦欢鑰岃█閮芥槸鏈€鏂扮殑銆?
       CoreGenerateAssemblyInfo:
       姝ｅ湪璺宠繃鐩爣鈥淐oreGenerateAssemblyInfo鈥濓紝鍥犱负鎵€鏈夎緭鍑烘枃浠剁浉瀵逛簬杈撳叆鏂囦欢鑰岃█閮芥槸鏈€鏂扮殑銆?
   1:2>椤圭洰鈥淓:\_Free code\WinTab\WinTab.slnx鈥?1:2)姝ｅ湪鑺傜偣 7 涓婄敓鎴愨€淓:\_Free code\WinTab\src\WinTab.Diagnostics\WinTab.Diagnostics.csproj鈥?6:10) (榛樿鐩爣)銆?
     6>GenerateTargetFrameworkMonikerAttribute:
       姝ｅ湪璺宠繃鐩爣鈥淕enerateTargetFrameworkMonikerAttribute鈥濓紝鍥犱负鎵€鏈夎緭鍑烘枃浠剁浉瀵逛簬杈撳叆鏂囦欢鑰岃█閮芥槸鏈€鏂扮殑銆?
       CoreGenerateAssemblyInfo:
       姝ｅ湪璺宠繃鐩爣鈥淐oreGenerateAssemblyInfo鈥濓紝鍥犱负鎵€鏈夎緭鍑烘枃浠剁浉瀵逛簬杈撳叆鏂囦欢鑰岃█閮芥槸鏈€鏂扮殑銆?
     2>_GenerateSourceLinkFile:
         Source Link 鏂囦欢 "obj\Debug\net9.0\WinTab.Core.sourcelink.json" 鏄渶鏂扮殑銆?
       CoreCompile:
       姝ｅ湪璺宠繃鐩爣鈥淐oreCompile鈥濓紝鍥犱负鎵€鏈夎緭鍑烘枃浠剁浉瀵逛簬杈撳叆鏂囦欢鑰岃█閮芥槸鏈€鏂扮殑銆?
       GenerateBuildDependencyFile:
       姝ｅ湪璺宠繃鐩爣鈥淕enerateBuildDependencyFile鈥濓紝鍥犱负鎵€鏈夎緭鍑烘枃浠剁浉瀵逛簬杈撳叆鏂囦欢鑰岃█閮芥槸鏈€鏂扮殑銆?
     6>_GenerateSourceLinkFile:
         Source Link 鏂囦欢 "obj\Debug\net9.0\WinTab.Diagnostics.sourcelink.json" 鏄渶鏂扮殑銆?
     2>CopyFilesToOutputDirectory:
         WinTab.Core -> E:\_Free code\WinTab\src\WinTab.Core\bin\Debug\net9.0\WinTab.Core.dll
     6>CoreCompile:
       姝ｅ湪璺宠繃鐩爣鈥淐oreCompile鈥濓紝鍥犱负鎵€鏈夎緭鍑烘枃浠剁浉瀵逛簬杈撳叆鏂囦欢鑰岃█閮芥槸鏈€鏂扮殑銆?
     2>宸插畬鎴愮敓鎴愰」鐩€淓:\_Free code\WinTab\src\WinTab.Core\WinTab.Core.csproj鈥?榛樿鐩爣)鐨勬搷浣溿€?
     6>GenerateBuildDependencyFile:
       姝ｅ湪璺宠繃鐩爣鈥淕enerateBuildDependencyFile鈥濓紝鍥犱负鎵€鏈夎緭鍑烘枃浠剁浉瀵逛簬杈撳叆鏂囦欢鑰岃█閮芥槸鏈€鏂扮殑銆?
       CopyFilesToOutputDirectory:
         WinTab.Diagnostics -> E:\_Free code\WinTab\src\WinTab.Diagnostics\bin\Debug\net9.0\WinTab.Diagnostics.dll
     6>宸插畬鎴愮敓鎴愰」鐩€淓:\_Free code\WinTab\src\WinTab.Diagnostics\WinTab.Diagnostics.csproj鈥?榛樿鐩爣)鐨勬搷浣溿€?
   1:2>椤圭洰鈥淓:\_Free code\WinTab\WinTab.slnx鈥?1:2)姝ｅ湪鑺傜偣 4 涓婄敓鎴愨€淓:\_Free code\WinTab\src\WinTab.Persistence\WinTab.Persistence.csproj鈥?3:8) (榛樿鐩爣)銆?
     3>GenerateTargetFrameworkMonikerAttribute:
       姝ｅ湪璺宠繃鐩爣鈥淕enerateTargetFrameworkMonikerAttribute鈥濓紝鍥犱负鎵€鏈夎緭鍑烘枃浠剁浉瀵逛簬杈撳叆鏂囦欢鑰岃█閮芥槸鏈€鏂扮殑銆?
       CoreGenerateAssemblyInfo:
       姝ｅ湪璺宠繃鐩爣鈥淐oreGenerateAssemblyInfo鈥濓紝鍥犱负鎵€鏈夎緭鍑烘枃浠剁浉瀵逛簬杈撳叆鏂囦欢鑰岃█閮芥槸鏈€鏂扮殑銆?
       _GenerateSourceLinkFile:
         Source Link 鏂囦欢 "obj\Debug\net9.0\WinTab.Persistence.sourcelink.json" 鏄渶鏂扮殑銆?
       CoreCompile:
       姝ｅ湪璺宠繃鐩爣鈥淐oreCompile鈥濓紝鍥犱负鎵€鏈夎緭鍑烘枃浠剁浉瀵逛簬杈撳叆鏂囦欢鑰岃█閮芥槸鏈€鏂扮殑銆?
       GenerateBuildDependencyFile:
       姝ｅ湪璺宠繃鐩爣鈥淕enerateBuildDependencyFile鈥濓紝鍥犱负鎵€鏈夎緭鍑烘枃浠剁浉瀵逛簬杈撳叆鏂囦欢鑰岃█閮芥槸鏈€鏂扮殑銆?
       CopyFilesToOutputDirectory:
         WinTab.Persistence -> E:\_Free code\WinTab\src\WinTab.Persistence\bin\Debug\net9.0\WinTab.Persistence.dll
   1:2>椤圭洰鈥淓:\_Free code\WinTab\WinTab.slnx鈥?1:2)姝ｅ湪鑺傜偣 6 涓婄敓鎴愨€淓:\_Free code\WinTab\src\WinTab.UI\WinTab.UI.csproj鈥?7:7) (榛樿鐩爣)銆?
     7>MainResourcesGeneration:
       姝ｅ湪璺宠繃鐩爣鈥淢ainResourcesGeneration鈥濓紝鍥犱负鎵€鏈夎緭鍑烘枃浠剁浉瀵逛簬杈撳叆鏂囦欢鑰岃█閮芥槸鏈€鏂扮殑銆?
     3>宸插畬鎴愮敓鎴愰」鐩€淓:\_Free code\WinTab\src\WinTab.Persistence\WinTab.Persistence.csproj鈥?榛樿鐩爣)鐨勬搷浣溿€?
     7>GenerateTargetFrameworkMonikerAttribute:
       姝ｅ湪璺宠繃鐩爣鈥淕enerateTargetFrameworkMonikerAttribute鈥濓紝鍥犱负鎵€鏈夎緭鍑烘枃浠剁浉瀵逛簬杈撳叆鏂囦欢鑰岃█閮芥槸鏈€鏂扮殑銆?
   1:2>椤圭洰鈥淓:\_Free code\WinTab\WinTab.slnx鈥?1:2)姝ｅ湪鑺傜偣 2 涓婄敓鎴愨€淓:\_Free code\WinTab\src\WinTab.Platform.Win32\WinTab.Platform.Win32.csproj鈥?5:8) (榛樿鐩爣)銆?
     5>GenerateTargetFrameworkMonikerAttribute:
       姝ｅ湪璺宠繃鐩爣鈥淕enerateTargetFrameworkMonikerAttribute鈥濓紝鍥犱负鎵€鏈夎緭鍑烘枃浠剁浉瀵逛簬杈撳叆鏂囦欢鑰岃█閮芥槸鏈€鏂扮殑銆?
     7>CoreGenerateAssemblyInfo:
       姝ｅ湪璺宠繃鐩爣鈥淐oreGenerateAssemblyInfo鈥濓紝鍥犱负鎵€鏈夎緭鍑烘枃浠剁浉瀵逛簬杈撳叆鏂囦欢鑰岃█閮芥槸鏈€鏂扮殑銆?
     5>CoreGenerateAssemblyInfo:
       姝ｅ湪璺宠繃鐩爣鈥淐oreGenerateAssemblyInfo鈥濓紝鍥犱负鎵€鏈夎緭鍑烘枃浠剁浉瀵逛簬杈撳叆鏂囦欢鑰岃█閮芥槸鏈€鏂扮殑銆?
       _GenerateSourceLinkFile:
         Source Link 鏂囦欢 "obj\Debug\net9.0-windows\WinTab.Platform.Win32.sourcelink.json" 鏄渶鏂扮殑銆?
     7>_GenerateSourceLinkFile:
         Source Link 鏂囦欢 "obj\Debug\net9.0-windows\WinTab.UI.sourcelink.json" 鏄渶鏂扮殑銆?
     5>CoreCompile:
       姝ｅ湪璺宠繃鐩爣鈥淐oreCompile鈥濓紝鍥犱负鎵€鏈夎緭鍑烘枃浠剁浉瀵逛簬杈撳叆鏂囦欢鑰岃█閮芥槸鏈€鏂扮殑銆?
     7>CoreCompile:
       姝ｅ湪璺宠繃鐩爣鈥淐oreCompile鈥濓紝鍥犱负鎵€鏈夎緭鍑烘枃浠剁浉瀵逛簬杈撳叆鏂囦欢鑰岃█閮芥槸鏈€鏂扮殑銆?
       GenerateBuildDependencyFile:
       姝ｅ湪璺宠繃鐩爣鈥淕enerateBuildDependencyFile鈥濓紝鍥犱负鎵€鏈夎緭鍑烘枃浠剁浉瀵逛簬杈撳叆鏂囦欢鑰岃█閮芥槸鏈€鏂扮殑銆?
     5>GenerateBuildDependencyFile:
       姝ｅ湪璺宠繃鐩爣鈥淕enerateBuildDependencyFile鈥濓紝鍥犱负鎵€鏈夎緭鍑烘枃浠剁浉瀵逛簬杈撳叆鏂囦欢鑰岃█閮芥槸鏈€鏂扮殑銆?
     7>CopyFilesToOutputDirectory:
         WinTab.UI -> E:\_Free code\WinTab\src\WinTab.UI\bin\Debug\net9.0-windows\WinTab.UI.dll
     5>CopyFilesToOutputDirectory:
         WinTab.Platform.Win32 -> E:\_Free code\WinTab\src\WinTab.Platform.Win32\bin\Debug\net9.0-windows\WinTab.Platform.Win32.dll
     7>宸插畬鎴愮敓鎴愰」鐩€淓:\_Free code\WinTab\src\WinTab.UI\WinTab.UI.csproj鈥?榛樿鐩爣)鐨勬搷浣溿€?
     5>宸插畬鎴愮敓鎴愰」鐩€淓:\_Free code\WinTab\src\WinTab.Platform.Win32\WinTab.Platform.Win32.csproj鈥?榛樿鐩爣)鐨勬搷浣溿€?
   1:2>椤圭洰鈥淓:\_Free code\WinTab\WinTab.slnx鈥?1:2)姝ｅ湪鑺傜偣 3 涓婄敓鎴愨€淓:\_Free code\WinTab\src\WinTab.Tests\WinTab.Tests.csproj鈥?4:6) (榛樿鐩爣)銆?
     4>GenerateTargetFrameworkMonikerAttribute:
       姝ｅ湪璺宠繃鐩爣鈥淕enerateTargetFrameworkMonikerAttribute鈥濓紝鍥犱负鎵€鏈夎緭鍑烘枃浠剁浉瀵逛簬杈撳叆鏂囦欢鑰岃█閮芥槸鏈€鏂扮殑銆?
       CoreGenerateAssemblyInfo:
       姝ｅ湪璺宠繃鐩爣鈥淐oreGenerateAssemblyInfo鈥濓紝鍥犱负鎵€鏈夎緭鍑烘枃浠剁浉瀵逛簬杈撳叆鏂囦欢鑰岃█閮芥槸鏈€鏂扮殑銆?
       _GenerateSourceLinkFile:
         Source Link 鏂囦欢 "obj\Debug\net9.0-windows\WinTab.Tests.sourcelink.json" 鏄渶鏂扮殑銆?
       CoreCompile:
       姝ｅ湪璺宠繃鐩爣鈥淐oreCompile鈥濓紝鍥犱负鎵€鏈夎緭鍑烘枃浠剁浉瀵逛簬杈撳叆鏂囦欢鑰岃█閮芥槸鏈€鏂扮殑銆?
       _CopyOutOfDateSourceItemsToOutputDirectory:
       姝ｅ湪璺宠繃鐩爣鈥淿CopyOutOfDateSourceItemsToOutputDirectory鈥濓紝鍥犱负鎵€鏈夎緭鍑烘枃浠剁浉瀵逛簬杈撳叆鏂囦欢鑰岃█閮芥槸鏈€鏂扮殑銆?
       GenerateBuildDependencyFile:
       姝ｅ湪璺宠繃鐩爣鈥淕enerateBuildDependencyFile鈥濓紝鍥犱负鎵€鏈夎緭鍑烘枃浠剁浉瀵逛簬杈撳叆鏂囦欢鑰岃█閮芥槸鏈€鏂扮殑銆?
       GenerateBuildRuntimeConfigurationFiles:
       姝ｅ湪璺宠繃鐩爣鈥淕enerateBuildRuntimeConfigurationFiles鈥濓紝鍥犱负鎵€鏈夎緭鍑烘枃浠剁浉瀵逛簬杈撳叆鏂囦欢鑰岃█閮芥槸鏈€鏂扮殑銆?
       CopyFilesToOutputDirectory:
         WinTab.Tests -> E:\_Free code\WinTab\src\WinTab.Tests\bin\Debug\net9.0-windows\WinTab.Tests.dll
     4>宸插畬鎴愮敓鎴愰」鐩€淓:\_Free code\WinTab\src\WinTab.Tests\WinTab.Tests.csproj鈥?榛樿鐩爣)鐨勬搷浣溿€?
   1:2>椤圭洰鈥淓:\_Free code\WinTab\WinTab.slnx鈥?1:2)姝ｅ湪鑺傜偣 1 涓婄敓鎴愨€淓:\_Free code\WinTab\src\WinTab.App\WinTab.App.csproj鈥?8:6) (榛樿鐩爣)銆?
     8>GenerateTemporaryTargetAssembly:
         姝ｅ湪灏嗘枃浠朵粠鈥淓:\_Free code\WinTab\src\WinTab.App\obj\WinTab.App.csproj.nuget.dgspec.json鈥濆鍒跺埌鈥淓:\_Free code\WinTab\src\WinTab.App\obj\WinTab.App_xzhk2mrj_wpftmp.csproj.nuget.dgspec.json鈥濄€?
         姝ｅ湪灏嗘枃浠朵粠鈥淓:\_Free code\WinTab\src\WinTab.App\obj\WinTab.App.csproj.nuget.g.props鈥濆鍒跺埌鈥淓:\_Free code\WinTab\src\WinTab.App\obj\WinTab.App_xzhk2mrj_wpftmp.csproj.nuget.g.props鈥濄€?
         姝ｅ湪灏嗘枃浠朵粠鈥淓:\_Free code\WinTab\src\WinTab.App\obj\WinTab.App.csproj.nuget.g.targets鈥濆鍒跺埌鈥淓:\_Free code\WinTab\src\WinTab.App\obj\WinTab.App_xzhk2mrj_wpftmp.csproj.nuget.g.targets鈥濄€?
   8:6>椤圭洰鈥淓:\_Free code\WinTab\src\WinTab.App\WinTab.App.csproj鈥?8:6)姝ｅ湪鑺傜偣 1 涓婄敓鎴愨€淓:\_Free code\WinTab\src\WinTab.App\WinTab.App_xzhk2mrj_wpftmp.csproj鈥?9) (_CompileTemporaryAssembly 涓洰鏍?銆?
     9>GenerateTargetFrameworkMonikerAttribute:
       姝ｅ湪璺宠繃鐩爣鈥淕enerateTargetFrameworkMonikerAttribute鈥濓紝鍥犱负鎵€鏈夎緭鍑烘枃浠剁浉瀵逛簬杈撳叆鏂囦欢鑰岃█閮芥槸鏈€鏂扮殑銆?
       _GenerateSourceLinkFile:
         姝ｅ湪鏇存柊 Source Link 鏂囦欢 "obj\Debug\net9.0-windows\WinTab.App_xzhk2mrj_wpftmp.sourcelink.json"銆?
       CoreCompile:
         Setting DOTNET_ROOT to 'C:\Program Files\dotnet'
         C:\Program Files\dotnet\sdk\10.0.103\Roslyn\bincore\csc.exe /noconfig /unsafe- /checked- /nowarn:1701,1702,1701,1702 /fullpaths /nostdlib+ /errorreport:prompt /warn:9 /define:TRACE;DEBUG;NET;NET9_0;NETCOREAPP;WINDOWS;WINDOWS7_0;NET5_0_OR_GREATER;NET6_0_OR_GREATER;NET7_0_OR_GREATER;NET8_0_OR_GREATER;NET9_0_OR_GREATER;NETCOREAPP3_0_OR_GREATER;NETCOREAPP3_1_OR_GREATER;WINDOWS7_0_OR_GREATER /highentropyva+ /nullable:enable /reference:C:\Users\bigfa\.nuget\packages\microsoft.windowsdesktop.app.ref\9.0.13\ref\net9.0\Accessibility.dll /reference:C:\Users\bigfa\.nuget\packages\communitytoolkit.mvvm\8.4.0\lib\net8.0\CommunityToolkit.Mvvm.dll /reference:C:\Users\bigfa\.nuget\packages\microsoft.netcore.app.ref\9.0.13\ref\net9.0\Microsoft.CSharp.dll /reference:C:\Users\bigfa\.nuget\packages\microsoft.extensions.dependencyinjection.abstractions\9.0.13\lib\net9.0\Microsoft.Extensions.DependencyInjection.Abstractions.dll /reference:C:\Users\bigfa\.nuget\packages\microsoft.extensions.dependencyinjection\9.0.13\lib\net9.0\Microsoft.Extensions.DependencyInjection.dll /reference:C:\Users\bigfa\.nuget\packages\microsoft.netcore.app.ref\9.0.13\ref\net9.0\Microsoft.VisualBasic.Core.dll /reference:C:\Users\bigfa\.nuget\packages\microsoft.windowsdesktop.app.ref\9.0.13\ref\net9.0\Microsoft.VisualBasic.dll /reference:C:\Users\bigfa\.nuget\packages\microsoft.windowsdesktop.app.ref\9.0.13\ref\net9.0\Microsoft.VisualBasic.Forms.dll /reference:C:\Users\bigfa\.nuget\packages\microsoft.netcore.app.ref\9.0.13\ref\net9.0\Microsoft.Win32.Primitives.dll /reference:C:\Users\bigfa\.nuget\packages\microsoft.windowsdesktop.app.ref\9.0.13\ref\net9.0\Microsoft.Win32.Registry.AccessControl.dll /reference:C:\Users\bigfa\.nuget\packages\microsoft.netcore.app.ref\9.0.13\ref\net9.0\Microsoft.Win32.Registry.dll /reference:C:\Users\bigfa\.nuget\packages\microsoft.windowsdesktop.app.ref\9.0.13\ref\net9.0\Microsoft.Win32.SystemEvents.dll /reference:C:\Users\bigfa\.nuget\packages\microsoft.netcore.app.ref\9.0.13\ref\net9.0\mscorlib.dll /reference:C:\Users\bigfa\.nuget\packages\microsoft.netcore.app.ref\9.0.13\ref\net9.0\netstandard.dll /reference:C:\Users\bigfa\.nuget\packages\microsoft.windowsdesktop.app.ref\9.0.13\ref\net9.0\PresentationCore.dll /reference:C:\Users\bigfa\.nuget\packages\microsoft.windowsdesktop.app.ref\9.0.13\ref\net9.0\PresentationFramework.Aero.dll /reference:C:\Users\bigfa\.nuget\packages\microsoft.windowsdesktop.app.ref\9.0.13\ref\net9.0\PresentationFramework.Aero2.dll /reference:C:\Users\bigfa\.nuget\packages\microsoft.windowsdesktop.app.ref\9.0.13\ref\net9.0\PresentationFramework.AeroLite.dll /reference:C:\Users\bigfa\.nuget\packages\microsoft.windowsdesktop.app.ref\9.0.13\ref\net9.0\PresentationFramework.Classic.dll /reference:C:\Users\bigfa\.nuget\packages\microsoft.windowsdesktop.app.ref\9.0.13\ref\net9.0\PresentationFramework.dll /reference:C:\Users\bigfa\.nuget\packages\microsoft.windowsdesktop.app.ref\9.0.13\ref\net9.0\PresentationFramework.Luna.dll /reference:C:\Users\bigfa\.nuget\packages\microsoft.windowsdesktop.app.ref\9.0.13\ref\net9.0\PresentationFramework.Royale.dll /reference:C:\Users\bigfa\.nuget\packages\microsoft.windowsdesktop.app.ref\9.0.13\ref\net9.0\PresentationUI.dll /reference:C:\Users\bigfa\.nuget\packages\microsoft.windowsdesktop.app.ref\9.0.13\ref\net9.0\ReachFramework.dll /reference:C:\Users\bigfa\.nuget\packages\microsoft.netcore.app.ref\9.0.13\ref\net9.0\System.AppContext.dll /reference:C:\Users\bigfa\.nuget\packages\microsoft.netcore.app.ref\9.0.13\ref\net9.0\System.Buffers.dll /reference:C:\Users\bigfa\.nuget\packages\microsoft.windowsdesktop.app.ref\9.0.13\ref\net9.0\System.CodeDom.dll /reference:C:\Users\bigfa\.nuget\packages\microsoft.netcore.app.ref\9.0.13\ref\net9.0\System.Collections.Concurrent.dll /reference:C:\Users\bigfa\.nuget\packages\microsoft.netcore.app.ref\9.0.13\ref\net9.0\System.Collections.dll /reference:C:\Users\bigfa\.nuget\packages\microsoft.netcore.app.ref\9.0.13\ref\net9.0\System.Collections.Immutable.dll /reference:C:\Users\bigfa\.nuget\packages\microsoft.netcore.app.ref\9.0.13\ref\net9.0\System.Collections.NonGeneric.dll /reference:C:\Users\bigfa\.nuget\packages\microsoft.netcore.app.ref\9.0.13\ref\net9.0\System.Collections.Specialized.dll /reference:C:\Users\bigfa\.nuget\packages\microsoft.netcore.app.ref\9.0.13\ref\net9.0\System.ComponentModel.Annotations.dll /reference:C:\Users\bigfa\.nuget\packages\microsoft.netcore.app.ref\9.0.13\ref\net9.0\System.ComponentModel.DataAnnotations.dll /reference:C:\Users\bigfa\.nuget\packages\microsoft.netcore.app.ref\9.0.13\ref\net9.0\System.ComponentModel.dll /reference:C:\Users\bigfa\.nuget\packages\microsoft.netcore.app.ref\9.0.13\ref\net9.0\System.ComponentModel.EventBasedAsync.dll /reference:C:\Users\bigfa\.nuget\packages\microsoft.netcore.app.ref\9.0.13\ref\net9.0\System.ComponentModel.Primitives.dll /reference:C:\Users\bigfa\.nuget\packages\microsoft.netcore.app.ref\9.0.13\ref\net9.0\System.ComponentModel.TypeConverter.dll /reference:C:\Users\bigfa\.nuget\packages\microsoft.windowsdesktop.app.ref\9.0.13\ref\net9.0\System.Configuration.ConfigurationManager.dll /reference:C:\Users\bigfa\.nuget\packages\microsoft.netcore.app.ref\9.0.13\ref\net9.0\System.Configuration.dll /reference:C:\Users\bigfa\.nuget\packages\microsoft.netcore.app.ref\9.0.13\ref\net9.0\System.Console.dll /reference:C:\Users\bigfa\.nuget\packages\microsoft.netcore.app.ref\9.0.13\ref\net9.0\System.Core.dll /reference:C:\Users\bigfa\.nuget\packages\microsoft.netcore.app.ref\9.0.13\ref\net9.0\System.Data.Common.dll /reference:C:\Users\bigfa\.nuget\packages\microsoft.netcore.app.ref\9.0.13\ref\net9.0\System.Data.DataSetExtensions.dll /reference:C:\Users\bigfa\.nuget\packages\microsoft.netcore.app.ref\9.0.13\ref\net9.0\System.Data.dll /reference:C:\Users\bigfa\.nuget\packages\microsoft.windowsdesktop.app.ref\9.0.13\ref\net9.0\System.Design.dll /reference:C:\Users\bigfa\.nuget\packages\microsoft.netcore.app.ref\9.0.13\ref\net9.0\System.Diagnostics.Contracts.dll /reference:C:\Users\bigfa\.nuget\packages\microsoft.netcore.app.ref\9.0.13\ref\net9.0\System.Diagnostics.Debug.dll /reference:C:\Users\bigfa\.nuget\packages\microsoft.netcore.app.ref\9.0.13\ref\net9.0\System.Diagnostics.DiagnosticSource.dll /reference:C:\Users\bigfa\.nuget\packages\microsoft.windowsdesktop.app.ref\9.0.13\ref\net9.0\System.Diagnostics.EventLog.dll /reference:C:\Users\bigfa\.nuget\packages\microsoft.netcore.app.ref\9.0.13\ref\net9.0\System.Diagnostics.FileVersionInfo.dll /reference:C:\Users\bigfa\.nuget\packages\microsoft.windowsdesktop.app.ref\9.0.13\ref\net9.0\System.Diagnostics.PerformanceCounter.dll /reference:C:\Users\bigfa\.nuget\packages\microsoft.netcore.app.ref\9.0.13\ref\net9.0\System.Diagnostics.Process.dll /reference:C:\Users\bigfa\.nuget\packages\microsoft.netcore.app.ref\9.0.13\ref\net9.0\System.Diagnostics.StackTrace.dll /reference:C:\Users\bigfa\.nuget\packages\microsoft.netcore.app.ref\9.0.13\ref\net9.0\System.Diagnostics.TextWriterTraceListener.dll /reference:C:\Users\bigfa\.nuget\packages\microsoft.netcore.app.ref\9.0.13\ref\net9.0\System.Diagnostics.Tools.dll /reference:C:\Users\bigfa\.nuget\packages\microsoft.netcore.app.ref\9.0.13\ref\net9.0\System.Diagnostics.TraceSource.dll /reference:C:\Users\bigfa\.nuget\packages\microsoft.netcore.app.ref\9.0.13\ref\net9.0\System.Diagnostics.Tracing.dll /reference:C:\Users\bigfa\.nuget\packages\microsoft.windowsdesktop.app.ref\9.0.13\ref\net9.0\System.DirectoryServices.dll /reference:C:\Users\bigfa\.nuget\packages\microsoft.netcore.app.ref\9.0.13\ref\net9.0\System.dll /reference:C:\Users\bigfa\.nuget\packages\microsoft.windowsdesktop.app.ref\9.0.13\ref\net9.0\System.Drawing.Common.dll /reference:C:\Users\bigfa\.nuget\packages\microsoft.windowsdesktop.app.ref\9.0.13\ref\net9.0\System.Drawing.Design.dll /reference:C:\Users\bigfa\.nuget\packages\microsoft.windowsdesktop.app.ref\9.0.13\ref\net9.0\System.Drawing.dll /reference:C:\Users\bigfa\.nuget\packages\microsoft.netcore.app.ref\9.0.13\ref\net9.0\System.Drawing.Primitives.dll /reference:C:\Users\bigfa\.nuget\packages\microsoft.netcore.app.ref\9.0.13\ref\net9.0\System.Dynamic.Runtime.dll /reference:C:\Users\bigfa\.nuget\packages\microsoft.netcore.app.ref\9.0.13\ref\net9.0\System.Formats.Asn1.dll /reference:C:\Users\bigfa\.nuget\packages\microsoft.windowsdesktop.app.ref\9.0.13\ref\net9.0\System.Formats.Nrbf.dll /reference:C:\Users\bigfa\.nuget\packages\microsoft.netcore.app.ref\9.0.13\ref\net9.0\System.Formats.Tar.dll /reference:C:\Users\bigfa\.nuget\packages\microsoft.netcore.app.ref\9.0.13\ref\net9.0\System.Globalization.Calendars.dll /reference:C:\Users\bigfa\.nuget\packages\microsoft.netcore.app.ref\9.0.13\ref\net9.0\System.Globalization.dll /reference:C:\Users\bigfa\.nuget\packages\microsoft.netcore.app.ref\9.0.13\ref\net9.0\System.Globalization.Extensions.dll /reference:C:\Users\bigfa\.nuget\packages\microsoft.netcore.app.ref\9.0.13\ref\net9.0\System.IO.Compression.Brotli.dll /reference:C:\Users\bigfa\.nuget\packages\microsoft.netcore.app.ref\9.0.13\ref\net9.0\System.IO.Compression.dll /reference:C:\Users\bigfa\.nuget\packages\microsoft.netcore.app.ref\9.0.13\ref\net9.0\System.IO.Compression.FileSystem.dll /reference:C:\Users\bigfa\.nuget\packages\microsoft.netcore.app.ref\9.0.13\ref\net9.0\System.IO.Compression.ZipFile.dll /reference:C:\Users\bigfa\.nuget\packages\microsoft.netcore.app.ref\9.0.13\ref\net9.0\System.IO.dll /reference:C:\Users\bigfa\.nuget\packages\microsoft.netcore.app.ref\9.0.13\ref\net9.0\System.IO.FileSystem.AccessControl.dll /reference:C:\Users\bigfa\.nuget\packages\microsoft.netcore.app.ref\9.0.13\ref\net9.0\System.IO.FileSystem.dll /reference:C:\Users\bigfa\.nuget\packages\microsoft.netcore.app.ref\9.0.13\ref\net9.0\System.IO.FileSystem.DriveInfo.dll /reference:C:\Users\bigfa\.nuget\packages\microsoft.netcore.app.ref\9.0.13\ref\net9.0\System.IO.FileSystem.Primitives.dll /reference:C:\Users\bigfa\.nuget\packages\microsoft.netcore.app.ref\9.0.13\ref\net9.0\System.IO.FileSystem.Watcher.dll /reference:C:\Users\bigfa\.nuget\packages\microsoft.netcore.app.ref\9.0.13\ref\net9.0\System.IO.IsolatedStorage.dll /reference:C:\Users\bigfa\.nuget\packages\microsoft.netcore.app.ref\9.0.13\ref\net9.0\System.IO.MemoryMappedFiles.dll /reference:C:\Users\bigfa\.nuget\packages\microsoft.windowsdesktop.app.ref\9.0.13\ref\net9.0\System.IO.Packaging.dll /reference:C:\Users\bigfa\.nuget\packages\microsoft.netcore.app.ref\9.0.13\ref\net9.0\System.IO.Pipelines.dll /reference:C:\Users\bigfa\.nuget\packages\microsoft.netcore.app.ref\9.0.13\ref\net9.0\System.IO.Pipes.AccessControl.dll /reference:C:\Users\bigfa\.nuget\packages\microsoft.netcore.app.ref\9.0.13\ref\net9.0\System.IO.Pipes.dll /reference:C:\Users\bigfa\.nuget\packages\microsoft.netcore.app.ref\9.0.13\ref\net9.0\System.IO.UnmanagedMemoryStream.dll /reference:C:\Users\bigfa\.nuget\packages\microsoft.netcore.app.ref\9.0.13\ref\net9.0\System.Linq.dll /reference:C:\Users\bigfa\.nuget\packages\microsoft.netcore.app.ref\9.0.13\ref\net9.0\System.Linq.Expressions.dll /reference:C:\Users\bigfa\.nuget\packages\microsoft.netcore.app.ref\9.0.13\ref\net9.0\System.Linq.Parallel.dll /reference:C:\Users\bigfa\.nuget\packages\microsoft.netcore.app.ref\9.0.13\ref\net9.0\System.Linq.Queryable.dll /reference:C:\Users\bigfa\.nuget\packages\microsoft.netcore.app.ref\9.0.13\ref\net9.0\System.Memory.dll /reference:C:\Users\bigfa\.nuget\packages\microsoft.netcore.app.ref\9.0.13\ref\net9.0\System.Net.dll /reference:C:\Users\bigfa\.nuget\packages\microsoft.netcore.app.ref\9.0.13\ref\net9.0\System.Net.Http.dll /reference:C:\Users\bigfa\.nuget\packages\microsoft.netcore.app.ref\9.0.13\ref\net9.0\System.Net.Http.Json.dll /reference:C:\Users\bigfa\.nuget\packages\microsoft.netcore.app.ref\9.0.13\ref\net9.0\System.Net.HttpListener.dll /reference:C:\Users\bigfa\.nuget\packages\microsoft.netcore.app.ref\9.0.13\ref\net9.0\System.Net.Mail.dll /reference:C:\Users\bigfa\.nuget\packages\microsoft.netcore.app.ref\9.0.13\ref\net9.0\System.Net.NameResolution.dll /reference:C:\Users\bigfa\.nuget\packages\microsoft.netcore.app.ref\9.0.13\ref\net9.0\System.Net.NetworkInformation.dll /reference:C:\Users\bigfa\.nuget\packages\microsoft.netcore.app.ref\9.0.13\ref\net9.0\System.Net.Ping.dll /reference:C:\Users\bigfa\.nuget\packages\microsoft.netcore.app.ref\9.0.13\ref\net9.0\System.Net.Primitives.dll /reference:C:\Users\bigfa\.nuget\packages\microsoft.netcore.app.ref\9.0.13\ref\net9.0\System.Net.Quic.dll /reference:C:\Users\bigfa\.nuget\packages\microsoft.netcore.app.ref\9.0.13\ref\net9.0\System.Net.Requests.dll /reference:C:\Users\bigfa\.nuget\packages\microsoft.netcore.app.ref\9.0.13\ref\net9.0\System.Net.Security.dll /reference:C:\Users\bigfa\.nuget\packages\microsoft.netcore.app.ref\9.0.13\ref\net9.0\System.Net.ServicePoint.dll /reference:C:\Users\bigfa\.nuget\packages\microsoft.netcore.app.ref\9.0.13\ref\net9.0\System.Net.Sockets.dll /reference:C:\Users\bigfa\.nuget\packages\microsoft.netcore.app.ref\9.0.13\ref\net9.0\System.Net.WebClient.dll /reference:C:\Users\bigfa\.nuget\packages\microsoft.netcore.app.ref\9.0.13\ref\net9.0\System.Net.WebHeaderCollection.dll /reference:C:\Users\bigfa\.nuget\packages\microsoft.netcore.app.ref\9.0.13\ref\net9.0\System.Net.WebProxy.dll /reference:C:\Users\bigfa\.nuget\packages\microsoft.netcore.app.ref\9.0.13\ref\net9.0\System.Net.WebSockets.Client.dll /reference:C:\Users\bigfa\.nuget\packages\microsoft.netcore.app.ref\9.0.13\ref\net9.0\System.Net.WebSockets.dll /reference:C:\Users\bigfa\.nuget\packages\microsoft.netcore.app.ref\9.0.13\ref\net9.0\System.Numerics.dll /reference:C:\Users\bigfa\.nuget\packages\microsoft.netcore.app.ref\9.0.13\ref\net9.0\System.Numerics.Vectors.dll /reference:C:\Users\bigfa\.nuget\packages\microsoft.netcore.app.ref\9.0.13\ref\net9.0\System.ObjectModel.dll /reference:C:\Users\bigfa\.nuget\packages\microsoft.windowsdesktop.app.ref\9.0.13\ref\net9.0\System.Printing.dll /reference:C:\Users\bigfa\.nuget\packages\microsoft.windowsdesktop.app.ref\9.0.13\ref\net9.0\System.Private.Windows.Core.dll /reference:C:\Users\bigfa\.nuget\packages\microsoft.netcore.app.ref\9.0.13\ref\net9.0\System.Reflection.DispatchProxy.dll /reference:C:\Users\bigfa\.nuget\packages\microsoft.netcore.app.ref\9.0.13\ref\net9.0\System.Reflection.dll /reference:C:\Users\bigfa\.nuget\packages\microsoft.netcore.app.ref\9.0.13\ref\net9.0\System.Reflection.Emit.dll /reference:C:\Users\bigfa\.nuget\packages\microsoft.netcore.app.ref\9.0.13\ref\net9.0\System.Reflection.Emit.ILGeneration.dll /reference:C:\Users\bigfa\.nuget\packages\microsoft.netcore.app.ref\9.0.13\ref\net9.0\System.Reflection.Emit.Lightweight.dll /reference:C:\Users\bigfa\.nuget\packages\microsoft.netcore.app.ref\9.0.13\ref\net9.0\System.Reflection.Extensions.dll /reference:C:\Users\bigfa\.nuget\packages\microsoft.netcore.app.ref\9.0.13\ref\net9.0\System.Reflection.Metadata.dll /reference:C:\Users\bigfa\.nuget\packages\microsoft.netcore.app.ref\9.0.13\ref\net9.0\System.Reflection.Primitives.dll /reference:C:\Users\bigfa\.nuget\packages\microsoft.netcore.app.ref\9.0.13\ref\net9.0\System.Reflection.TypeExtensions.dll /reference:C:\Users\bigfa\.nuget\packages\microsoft.windowsdesktop.app.ref\9.0.13\ref\net9.0\System.Resources.Extensions.dll /reference:C:\Users\bigfa\.nuget\packages\microsoft.netcore.app.ref\9.0.13\ref\net9.0\System.Resources.Reader.dll /reference:C:\Users\bigfa\.nuget\packages\microsoft.netcore.app.ref\9.0.13\ref\net9.0\System.Resources.ResourceManager.dll /reference:C:\Users\bigfa\.nuget\packages\microsoft.netcore.app.ref\9.0.13\ref\net9.0\System.Resources.Writer.dll /reference:C:\Users\bigfa\.nuget\packages\microsoft.netcore.app.ref\9.0.13\ref\net9.0\System.Runtime.CompilerServices.Unsafe.dll /reference:C:\Users\bigfa\.nuget\packages\microsoft.netcore.app.ref\9.0.13\ref\net9.0\System.Runtime.CompilerServices.VisualC.dll /reference:C:\Users\bigfa\.nuget\packages\microsoft.netcore.app.ref\9.0.13\ref\net9.0\System.Runtime.dll /reference:C:\Users\bigfa\.nuget\packages\microsoft.netcore.app.ref\9.0.13\ref\net9.0\System.Runtime.Extensions.dll /reference:C:\Users\bigfa\.nuget\packages\microsoft.netcore.app.ref\9.0.13\ref\net9.0\System.Runtime.Handles.dll /reference:C:\Users\bigfa\.nuget\packages\microsoft.netcore.app.ref\9.0.13\ref\net9.0\System.Runtime.InteropServices.dll /reference:C:\Users\bigfa\.nuget\packages\microsoft.netcore.app.ref\9.0.13\ref\net9.0\System.Runtime.InteropServices.JavaScript.dll /reference:C:\Users\bigfa\.nuget\packages\microsoft.netcore.app.ref\9.0.13\ref\net9.0\System.Runtime.InteropServices.RuntimeInformation.dll /reference:C:\Users\bigfa\.nuget\packages\microsoft.netcore.app.ref\9.0.13\ref\net9.0\System.Runtime.Intrinsics.dll /reference:C:\Users\bigfa\.nuget\packages\microsoft.netcore.app.ref\9.0.13\ref\net9.0\System.Runtime.Loader.dll /reference:C:\Users\bigfa\.nuget\packages\microsoft.netcore.app.ref\9.0.13\ref\net9.0\System.Runtime.Numerics.dll /reference:C:\Users\bigfa\.nuget\packages\microsoft.netcore.app.ref\9.0.13\ref\net9.0\System.Runtime.Serialization.dll /reference:C:\Users\bigfa\.nuget\packages\microsoft.netcore.app.ref\9.0.13\ref\net9.0\System.Runtime.Serialization.Formatters.dll /reference:C:\Users\bigfa\.nuget\packages\microsoft.netcore.app.ref\9.0.13\ref\net9.0\System.Runtime.Serialization.Json.dll /reference:C:\Users\bigfa\.nuget\packages\microsoft.netcore.app.ref\9.0.13\ref\net9.0\System.Runtime.Serialization.Primitives.dll /reference:C:\Users\bigfa\.nuget\packages\microsoft.netcore.app.ref\9.0.13\ref\net9.0\System.Runtime.Serialization.Xml.dll /reference:C:\Users\bigfa\.nuget\packages\microsoft.netcore.app.ref\9.0.13\ref\net9.0\System.Security.AccessControl.dll /reference:C:\Users\bigfa\.nuget\packages\microsoft.netcore.app.ref\9.0.13\ref\net9.0\System.Security.Claims.dll /reference:C:\Users\bigfa\.nuget\packages\microsoft.netcore.app.ref\9.0.13\ref\net9.0\System.Security.Cryptography.Algorithms.dll /reference:C:\Users\bigfa\.nuget\packages\microsoft.netcore.app.ref\9.0.13\ref\net9.0\System.Security.Cryptography.Cng.dll /reference:C:\Users\bigfa\.nuget\packages\microsoft.netcore.app.ref\9.0.13\ref\net9.0\System.Security.Cryptography.Csp.dll /reference:C:\Users\bigfa\.nuget\packages\microsoft.netcore.app.ref\9.0.13\ref\net9.0\System.Security.Cryptography.dll /reference:C:\Users\bigfa\.nuget\packages\microsoft.netcore.app.ref\9.0.13\ref\net9.0\System.Security.Cryptography.Encoding.dll /reference:C:\Users\bigfa\.nuget\packages\microsoft.netcore.app.ref\9.0.13\ref\net9.0\System.Security.Cryptography.OpenSsl.dll /reference:C:\Users\bigfa\.nuget\packages\microsoft.windowsdesktop.app.ref\9.0.13\ref\net9.0\System.Security.Cryptography.Pkcs.dll /reference:C:\Users\bigfa\.nuget\packages\microsoft.netcore.app.ref\9.0.13\ref\net9.0\System.Security.Cryptography.Primitives.dll /reference:C:\Users\bigfa\.nuget\packages\microsoft.windowsdesktop.app.ref\9.0.13\ref\net9.0\System.Security.Cryptography.ProtectedData.dll /reference:C:\Users\bigfa\.nuget\packages\microsoft.netcore.app.ref\9.0.13\ref\net9.0\System.Security.Cryptography.X509Certificates.dll /reference:C:\Users\bigfa\.nuget\packages\microsoft.windowsdesktop.app.ref\9.0.13\ref\net9.0\System.Security.Cryptography.Xml.dll /reference:C:\Users\bigfa\.nuget\packages\microsoft.netcore.app.ref\9.0.13\ref\net9.0\System.Security.dll /reference:C:\Users\bigfa\.nuget\packages\microsoft.windowsdesktop.app.ref\9.0.13\ref\net9.0\System.Security.Permissions.dll /reference:C:\Users\bigfa\.nuget\packages\microsoft.netcore.app.ref\9.0.13\ref\net9.0\System.Security.Principal.dll /reference:C:\Users\bigfa\.nuget\packages\microsoft.netcore.app.ref\9.0.13\ref\net9.0\System.Security.Principal.Windows.dll /reference:C:\Users\bigfa\.nuget\packages\microsoft.netcore.app.ref\9.0.13\ref\net9.0\System.Security.SecureString.dll /reference:C:\Users\bigfa\.nuget\packages\microsoft.netcore.app.ref\9.0.13\ref\net9.0\System.ServiceModel.Web.dll /reference:C:\Users\bigfa\.nuget\packages\microsoft.netcore.app.ref\9.0.13\ref\net9.0\System.ServiceProcess.dll /reference:C:\Users\bigfa\.nuget\packages\microsoft.netcore.app.ref\9.0.13\ref\net9.0\System.Text.Encoding.CodePages.dll /reference:C:\Users\bigfa\.nuget\packages\microsoft.netcore.app.ref\9.0.13\ref\net9.0\System.Text.Encoding.dll /reference:C:\Users\bigfa\.nuget\packages\microsoft.netcore.app.ref\9.0.13\ref\net9.0\System.Text.Encoding.Extensions.dll /reference:C:\Users\bigfa\.nuget\packages\microsoft.netcore.app.ref\9.0.13\ref\net9.0\System.Text.Encodings.Web.dll /reference:C:\Users\bigfa\.nuget\packages\microsoft.netcore.app.ref\9.0.13\ref\net9.0\System.Text.Json.dll /reference:C:\Users\bigfa\.nuget\packages\microsoft.netcore.app.ref\9.0.13\ref\net9.0\System.Text.RegularExpressions.dll /reference:C:\Users\bigfa\.nuget\packages\microsoft.windowsdesktop.app.ref\9.0.13\ref\net9.0\System.Threading.AccessControl.dll /reference:C:\Users\bigfa\.nuget\packages\microsoft.netcore.app.ref\9.0.13\ref\net9.0\System.Threading.Channels.dll /reference:C:\Users\bigfa\.nuget\packages\microsoft.netcore.app.ref\9.0.13\ref\net9.0\System.Threading.dll /reference:C:\Users\bigfa\.nuget\packages\microsoft.netcore.app.ref\9.0.13\ref\net9.0\System.Threading.Overlapped.dll /reference:C:\Users\bigfa\.nuget\packages\microsoft.netcore.app.ref\9.0.13\ref\net9.0\System.Threading.Tasks.Dataflow.dll /reference:C:\Users\bigfa\.nuget\packages\microsoft.netcore.app.ref\9.0.13\ref\net9.0\System.Threading.Tasks.dll /reference:C:\Users\bigfa\.nuget\packages\microsoft.netcore.app.ref\9.0.13\ref\net9.0\System.Threading.Tasks.Extensions.dll /reference:C:\Users\bigfa\.nuget\packages\microsoft.netcore.app.ref\9.0.13\ref\net9.0\System.Threading.Tasks.Parallel.dll /reference:C:\Users\bigfa\.nuget\packages\microsoft.netcore.app.ref\9.0.13\ref\net9.0\System.Threading.Thread.dll /reference:C:\Users\bigfa\.nuget\packages\microsoft.netcore.app.ref\9.0.13\ref\net9.0\System.Threading.ThreadPool.dll /reference:C:\Users\bigfa\.nuget\packages\microsoft.netcore.app.ref\9.0.13\ref\net9.0\System.Threading.Timer.dll /reference:C:\Users\bigfa\.nuget\packages\microsoft.netcore.app.ref\9.0.13\ref\net9.0\System.Transactions.dll /reference:C:\Users\bigfa\.nuget\packages\microsoft.netcore.app.ref\9.0.13\ref\net9.0\System.Transactions.Local.dll /reference:C:\Users\bigfa\.nuget\packages\microsoft.netcore.app.ref\9.0.13\ref\net9.0\System.ValueTuple.dll /reference:C:\Users\bigfa\.nuget\packages\microsoft.netcore.app.ref\9.0.13\ref\net9.0\System.Web.dll /reference:C:\Users\bigfa\.nuget\packages\microsoft.netcore.app.ref\9.0.13\ref\net9.0\System.Web.HttpUtility.dll /reference:C:\Users\bigfa\.nuget\packages\microsoft.windowsdesktop.app.ref\9.0.13\ref\net9.0\System.Windows.Controls.Ribbon.dll /reference:C:\Users\bigfa\.nuget\packages\microsoft.netcore.app.ref\9.0.13\ref\net9.0\System.Windows.dll /reference:C:\Users\bigfa\.nuget\packages\microsoft.windowsdesktop.app.ref\9.0.13\ref\net9.0\System.Windows.Extensions.dll /reference:C:\Users\bigfa\.nuget\packages\microsoft.windowsdesktop.app.ref\9.0.13\ref\net9.0\System.Windows.Forms.Design.dll /reference:C:\Users\bigfa\.nuget\packages\microsoft.windowsdesktop.app.ref\9.0.13\ref\net9.0\System.Windows.Forms.Design.Editors.dll /reference:C:\Users\bigfa\.nuget\packages\microsoft.windowsdesktop.app.ref\9.0.13\ref\net9.0\System.Windows.Forms.dll /reference:C:\Users\bigfa\.nuget\packages\microsoft.windowsdesktop.app.ref\9.0.13\ref\net9.0\System.Windows.Forms.Primitives.dll /reference:C:\Users\bigfa\.nuget\packages\microsoft.windowsdesktop.app.ref\9.0.13\ref\net9.0\System.Windows.Input.Manipulations.dll /reference:C:\Users\bigfa\.nuget\packages\microsoft.windowsdesktop.app.ref\9.0.13\ref\net9.0\System.Windows.Presentation.dll /reference:C:\Users\bigfa\.nuget\packages\microsoft.windowsdesktop.app.ref\9.0.13\ref\net9.0\System.Xaml.dll /reference:C:\Users\bigfa\.nuget\packages\microsoft.netcore.app.ref\9.0.13\ref\net9.0\System.Xml.dll /reference:C:\Users\bigfa\.nuget\packages\microsoft.netcore.app.ref\9.0.13\ref\net9.0\System.Xml.Linq.dll /reference:C:\Users\bigfa\.nuget\packages\microsoft.netcore.app.ref\9.0.13\ref\net9.0\System.Xml.ReaderWriter.dll /reference:C:\Users\bigfa\.nuget\packages\microsoft.netcore.app.ref\9.0.13\ref\net9.0\System.Xml.Serialization.dll /reference:C:\Users\bigfa\.nuget\packages\microsoft.netcore.app.ref\9.0.13\ref\net9.0\System.Xml.XDocument.dll /reference:C:\Users\bigfa\.nuget\packages\microsoft.netcore.app.ref\9.0.13\ref\net9.0\System.Xml.XmlDocument.dll /reference:C:\Users\bigfa\.nuget\packages\microsoft.netcore.app.ref\9.0.13\ref\net9.0\System.Xml.XmlSerializer.dll /reference:C:\Users\bigfa\.nuget\packages\microsoft.netcore.app.ref\9.0.13\ref\net9.0\System.Xml.XPath.dll /reference:C:\Users\bigfa\.nuget\packages\microsoft.netcore.app.ref\9.0.13\ref\net9.0\System.Xml.XPath.XDocument.dll /reference:C:\Users\bigfa\.nuget\packages\microsoft.windowsdesktop.app.ref\9.0.13\ref\net9.0\UIAutomationClient.dll /reference:C:\Users\bigfa\.nuget\packages\microsoft.windowsdesktop.app.ref\9.0.13\ref\net9.0\UIAutomationClientSideProviders.dll /reference:C:\Users\bigfa\.nuget\packages\microsoft.windowsdesktop.app.ref\9.0.13\ref\net9.0\UIAutomationProvider.dll /reference:C:\Users\bigfa\.nuget\packages\microsoft.windowsdesktop.app.ref\9.0.13\ref\net9.0\UIAutomationTypes.dll /reference:C:\Users\bigfa\.nuget\packages\microsoft.windowsdesktop.app.ref\9.0.13\ref\net9.0\WindowsBase.dll /reference:C:\Users\bigfa\.nuget\packages\microsoft.windowsdesktop.app.ref\9.0.13\ref\net9.0\WindowsFormsIntegration.dll /reference:"E:\_Free code\WinTab\src\WinTab.Core\bin\Debug\net9.0\WinTab.Core.dll" /reference:"E:\_Free code\WinTab\src\WinTab.Diagnostics\bin\Debug\net9.0\WinTab.Diagnostics.dll" /reference:"E:\_Free code\WinTab\src\WinTab.Persistence\bin\Debug\net9.0\WinTab.Persistence.dll" /reference:"E:\_Free code\WinTab\src\WinTab.Platform.Win32\bin\Debug\net9.0-windows\WinTab.Platform.Win32.dll" /reference:"E:\_Free code\WinTab\src\WinTab.UI\bin\Debug\net9.0-windows\WinTab.UI.dll" /reference:C:\Users\bigfa\.nuget\packages\wpf-ui.abstractions\4.2.0\lib\net9.0\Wpf.Ui.Abstractions.dll /reference:C:\Users\bigfa\.nuget\packages\wpf-ui\4.2.0\lib\net9.0-windows7.0\Wpf.Ui.dll /debug+ /debug:portable /filealign:512 /optimize- /out:obj\Debug\net9.0-windows\WinTab.dll /refout:obj\Debug\net9.0-windows\refint\WinTab.dll /target:winexe /warnaserror- /utf8output /win32icon:Assets\wintab.ico /deterministic+ /sourcelink:obj\Debug\net9.0-windows\WinTab.App_xzhk2mrj_wpftmp.sourcelink.json /langversion:13.0 /embed:"E:\_Free code\WinTab\src\WinTab.App\obj\Debug\net9.0-windows\Views\MainWindow.g.cs" /embed:"E:\_Free code\WinTab\src\WinTab.App\obj\Debug\net9.0-windows\Views\Pages\AboutPage.g.cs" /embed:"E:\_Free code\WinTab\src\WinTab.App\obj\Debug\net9.0-windows\Views\Pages\BehaviorPage.g.cs" /embed:"E:\_Free code\WinTab\src\WinTab.App\obj\Debug\net9.0-windows\Views\Pages\GeneralPage.g.cs" /embed:"E:\_Free code\WinTab\src\WinTab.App\obj\Debug\net9.0-windows\Views\Pages\UninstallPage.g.cs" /embed:"E:\_Free code\WinTab\src\WinTab.App\obj\Debug\net9.0-windows\App.g.cs" /embed:"E:\_Free code\WinTab\src\WinTab.App\obj\Debug\net9.0-windows\GeneratedInternalTypeHelper.g.cs" /embed:"obj\Debug\net9.0-windows\.NETCoreApp,Version=v9.0.AssemblyAttributes.cs" /embed:obj\Debug\net9.0-windows\WinTab.App_xzhk2mrj_wpftmp.AssemblyInfo.cs /embed:obj\Debug\net9.0-windows\WinTab.App_xzhk2mrj_wpftmp.GlobalUsings.g.cs /analyzerconfig:"E:\_Free code\WinTab\.editorconfig" /analyzerconfig:obj\Debug\net9.0-windows\WinTab.App_xzhk2mrj_wpftmp.GeneratedMSBuildEditorConfig.editorconfig /analyzerconfig:"C:\Program Files\dotnet\sdk\10.0.103\Sdks\Microsoft.NET.Sdk\analyzers\build\config\analysislevel_9_default.globalconfig" /analyzer:"C:\Program Files\dotnet\sdk\10.0.103\Sdks\Microsoft.NET.Sdk\targets\..\analyzers\Microsoft.CodeAnalysis.CSharp.NetAnalyzers.dll" /analyzer:"C:\Program Files\dotnet\sdk\10.0.103\Sdks\Microsoft.NET.Sdk\targets\..\analyzers\Microsoft.CodeAnalysis.NetAnalyzers.dll" /analyzer:C:\Users\bigfa\.nuget\packages\communitytoolkit.mvvm\8.4.0\analyzers\dotnet\roslyn4.12\cs\CommunityToolkit.Mvvm.CodeFixers.dll /analyzer:C:\Users\bigfa\.nuget\packages\communitytoolkit.mvvm\8.4.0\analyzers\dotnet\roslyn4.12\cs\CommunityToolkit.Mvvm.SourceGenerators.dll /analyzer:C:\Users\bigfa\.nuget\packages\microsoft.netcore.app.ref\9.0.13\analyzers/dotnet/cs/Microsoft.Interop.ComInterfaceGenerator.dll /analyzer:C:\Users\bigfa\.nuget\packages\microsoft.netcore.app.ref\9.0.13\analyzers/dotnet/cs/Microsoft.Interop.JavaScript.JSImportGenerator.dll /analyzer:C:\Users\bigfa\.nuget\packages\microsoft.netcore.app.ref\9.0.13\analyzers/dotnet/cs/Microsoft.Interop.LibraryImportGenerator.dll /analyzer:C:\Users\bigfa\.nuget\packages\microsoft.netcore.app.ref\9.0.13\analyzers/dotnet/cs/Microsoft.Interop.SourceGeneration.dll /analyzer:C:\Users\bigfa\.nuget\packages\microsoft.netcore.app.ref\9.0.13\analyzers/dotnet/cs/System.Text.Json.SourceGeneration.dll /analyzer:C:\Users\bigfa\.nuget\packages\microsoft.netcore.app.ref\9.0.13\analyzers/dotnet/cs/System.Text.RegularExpressions.Generator.dll /analyzer:C:\Users\bigfa\.nuget\packages\microsoft.windowsdesktop.app.ref\9.0.13\analyzers/dotnet/System.Windows.Forms.Analyzers.dll /analyzer:C:\Users\bigfa\.nuget\packages\microsoft.windowsdesktop.app.ref\9.0.13\analyzers/dotnet/cs/System.Windows.Forms.Analyzers.CSharp.dll /analyzer:C:\Users\bigfa\.nuget\packages\microsoft.windowsdesktop.app.ref\9.0.13\analyzers/dotnet/cs/System.Windows.Forms.Analyzers.CodeFixes.CSharp.dll App.xaml.cs AssemblyInfo.cs ExplorerTabUtilityPort\ClipboardManager.cs ExplorerTabUtilityPort\ExplorerTabHookService.cs ExplorerTabUtilityPort\ExplorerTabMouseHookService.cs ExplorerTabUtilityPort\Interop\IServiceProvider.cs ExplorerTabUtilityPort\Interop\IShellBrowser.cs ExplorerTabUtilityPort\ShellComNavigator.cs ExplorerTabUtilityPort\WinEventHookManager.cs Services\AppEnvironment.cs Services\AppLifecycleService.cs Services\ExplorerOpenRequestClient.cs Services\ExplorerOpenRequestServer.cs Services\ExplorerOpenVerbHandler.cs Services\RegistryOpenVerbInterceptor.cs Services\SingleInstanceService.cs Services\TrayIconController.cs Services\UninstallCleanupHandler.cs ViewModels\AboutViewModel.cs ViewModels\BehaviorViewModel.cs ViewModels\GeneralViewModel.cs ViewModels\UninstallViewModel.cs Views\MainWindow.xaml.cs Views\Pages\AboutPage.xaml.cs Views\Pages\BehaviorPage.xaml.cs Views\Pages\GeneralPage.xaml.cs Views\Pages\UninstallPage.xaml.cs "E:\_Free code\WinTab\src\WinTab.App\obj\Debug\net9.0-windows\Views\MainWindow.g.cs" "E:\_Free code\WinTab\src\WinTab.App\obj\Debug\net9.0-windows\Views\Pages\AboutPage.g.cs" "E:\_Free code\WinTab\src\WinTab.App\obj\Debug\net9.0-windows\Views\Pages\BehaviorPage.g.cs" "E:\_Free code\WinTab\src\WinTab.App\obj\Debug\net9.0-windows\Views\Pages\GeneralPage.g.cs" "E:\_Free code\WinTab\src\WinTab.App\obj\Debug\net9.0-windows\Views\Pages\UninstallPage.g.cs" "E:\_Free code\WinTab\src\WinTab.App\obj\Debug\net9.0-windows\App.g.cs" "E:\_Free code\WinTab\src\WinTab.App\obj\Debug\net9.0-windows\GeneratedInternalTypeHelper.g.cs" "obj\Debug\net9.0-windows\.NETCoreApp,Version=v9.0.AssemblyAttributes.cs" obj\Debug\net9.0-windows\WinTab.App_xzhk2mrj_wpftmp.AssemblyInfo.cs obj\Debug\net9.0-windows\WinTab.App_xzhk2mrj_wpftmp.GlobalUsings.g.cs /warnaserror+:NU1605,SYSLIB0011
         Compilation request WinTab.App_xzhk2mrj_wpftmp (net9.0-windows), PathToTool=C:\Program Files\dotnet\sdk\10.0.103\Roslyn\bincore\csc.exe
         CommandLine = ' /noconfig'
         BuildResponseFile = '/unsafe- /checked- /nowarn:1701,1702,1701,1702 /fullpaths /nostdlib+ /errorreport:prompt /warn:9 /define:TRACE;DEBUG;NET;NET9_0;NETCOREAPP;WINDOWS;WINDOWS7_0;NET5_0_OR_GREATER;NET6_0_OR_GREATER;NET7_0_OR_GREATER;NET8_0_OR_GREATER;NET9_0_OR_GREATER;NETCOREAPP3_0_OR_GREATER;NETCOREAPP3_1_OR_GREATER;WINDOWS7_0_OR_GREATER /highentropyva+ /nullable:enable /reference:C:\Users\bigfa\.nuget\packages\microsoft.windowsdesktop.app.ref\9.0.13\ref\net9.0\Accessibility.dll /reference:C:\Users\bigfa\.nuget\packages\communitytoolkit.mvvm\8.4.0\lib\net8.0\CommunityToolkit.Mvvm.dll /reference:C:\Users\bigfa\.nuget\packages\microsoft.netcore.app.ref\9.0.13\ref\net9.0\Microsoft.CSharp.dll /reference:C:\Users\bigfa\.nuget\packages\microsoft.extensions.dependencyinjection.abstractions\9.0.13\lib\net9.0\Microsoft.Extensions.DependencyInjection.Abstractions.dll /reference:C:\Users\bigfa\.nuget\packages\microsoft.extensions.dependencyinjection\9.0.13\lib\net9.0\Microsoft.Extensions.DependencyInjection.dll /reference:C:\Users\bigfa\.nuget\packages\microsoft.netcore.app.ref\9.0.13\ref\net9.0\Microsoft.VisualBasic.Core.dll /reference:C:\Users\bigfa\.nuget\packages\microsoft.windowsdesktop.app.ref\9.0.13\ref\net9.0\Microsoft.VisualBasic.dll /reference:C:\Users\bigfa\.nuget\packages\microsoft.windowsdesktop.app.ref\9.0.13\ref\net9.0\Microsoft.VisualBasic.Forms.dll /reference:C:\Users\bigfa\.nuget\packages\microsoft.netcore.app.ref\9.0.13\ref\net9.0\Microsoft.Win32.Primitives.dll /reference:C:\Users\bigfa\.nuget\packages\microsoft.windowsdesktop.app.ref\9.0.13\ref\net9.0\Microsoft.Win32.Registry.AccessControl.dll /reference:C:\Users\bigfa\.nuget\packages\microsoft.netcore.app.ref\9.0.13\ref\net9.0\Microsoft.Win32.Registry.dll /reference:C:\Users\bigfa\.nuget\packages\microsoft.windowsdesktop.app.ref\9.0.13\ref\net9.0\Microsoft.Win32.SystemEvents.dll /reference:C:\Users\bigfa\.nuget\packages\microsoft.netcore.app.ref\9.0.13\ref\net9.0\mscorlib.dll /reference:C:\Users\bigfa\.nuget\packages\microsoft.netcore.app.ref\9.0.13\ref\net9.0\netstandard.dll /reference:C:\Users\bigfa\.nuget\packages\microsoft.windowsdesktop.app.ref\9.0.13\ref\net9.0\PresentationCore.dll /reference:C:\Users\bigfa\.nuget\packages\microsoft.windowsdesktop.app.ref\9.0.13\ref\net9.0\PresentationFramework.Aero.dll /reference:C:\Users\bigfa\.nuget\packages\microsoft.windowsdesktop.app.ref\9.0.13\ref\net9.0\PresentationFramework.Aero2.dll /reference:C:\Users\bigfa\.nuget\packages\microsoft.windowsdesktop.app.ref\9.0.13\ref\net9.0\PresentationFramework.AeroLite.dll /reference:C:\Users\bigfa\.nuget\packages\microsoft.windowsdesktop.app.ref\9.0.13\ref\net9.0\PresentationFramework.Classic.dll /reference:C:\Users\bigfa\.nuget\packages\microsoft.windowsdesktop.app.ref\9.0.13\ref\net9.0\PresentationFramework.dll /reference:C:\Users\bigfa\.nuget\packages\microsoft.windowsdesktop.app.ref\9.0.13\ref\net9.0\PresentationFramework.Luna.dll /reference:C:\Users\bigfa\.nuget\packages\microsoft.windowsdesktop.app.ref\9.0.13\ref\net9.0\PresentationFramework.Royale.dll /reference:C:\Users\bigfa\.nuget\packages\microsoft.windowsdesktop.app.ref\9.0.13\ref\net9.0\PresentationUI.dll /reference:C:\Users\bigfa\.nuget\packages\microsoft.windowsdesktop.app.ref\9.0.13\ref\net9.0\ReachFramework.dll /reference:C:\Users\bigfa\.nuget\packages\microsoft.netcore.app.ref\9.0.13\ref\net9.0\System.AppContext.dll /reference:C:\Users\bigfa\.nuget\packages\microsoft.netcore.app.ref\9.0.13\ref\net9.0\System.Buffers.dll /reference:C:\Users\bigfa\.nuget\packages\microsoft.windowsdesktop.app.ref\9.0.13\ref\net9.0\System.CodeDom.dll /reference:C:\Users\bigfa\.nuget\packages\microsoft.netcore.app.ref\9.0.13\ref\net9.0\System.Collections.Concurrent.dll /reference:C:\Users\bigfa\.nuget\packages\microsoft.netcore.app.ref\9.0.13\ref\net9.0\System.Collections.dll /reference:C:\Users\bigfa\.nuget\packages\microsoft.netcore.app.ref\9.0.13\ref\net9.0\System.Collections.Immutable.dll /reference:C:\Users\bigfa\.nuget\packages\microsoft.netcore.app.ref\9.0.13\ref\net9.0\System.Collections.NonGeneric.dll /reference:C:\Users\bigfa\.nuget\packages\microsoft.netcore.app.ref\9.0.13\ref\net9.0\System.Collections.Specialized.dll /reference:C:\Users\bigfa\.nuget\packages\microsoft.netcore.app.ref\9.0.13\ref\net9.0\System.ComponentModel.Annotations.dll /reference:C:\Users\bigfa\.nuget\packages\microsoft.netcore.app.ref\9.0.13\ref\net9.0\System.ComponentModel.DataAnnotations.dll /reference:C:\Users\bigfa\.nuget\packages\microsoft.netcore.app.ref\9.0.13\ref\net9.0\System.ComponentModel.dll /reference:C:\Users\bigfa\.nuget\packages\microsoft.netcore.app.ref\9.0.13\ref\net9.0\System.ComponentModel.EventBasedAsync.dll /reference:C:\Users\bigfa\.nuget\packages\microsoft.netcore.app.ref\9.0.13\ref\net9.0\System.ComponentModel.Primitives.dll /reference:C:\Users\bigfa\.nuget\packages\microsoft.netcore.app.ref\9.0.13\ref\net9.0\System.ComponentModel.TypeConverter.dll /reference:C:\Users\bigfa\.nuget\packages\microsoft.windowsdesktop.app.ref\9.0.13\ref\net9.0\System.Configuration.ConfigurationManager.dll /reference:C:\Users\bigfa\.nuget\packages\microsoft.netcore.app.ref\9.0.13\ref\net9.0\System.Configuration.dll /reference:C:\Users\bigfa\.nuget\packages\microsoft.netcore.app.ref\9.0.13\ref\net9.0\System.Console.dll /reference:C:\Users\bigfa\.nuget\packages\microsoft.netcore.app.ref\9.0.13\ref\net9.0\System.Core.dll /reference:C:\Users\bigfa\.nuget\packages\microsoft.netcore.app.ref\9.0.13\ref\net9.0\System.Data.Common.dll /reference:C:\Users\bigfa\.nuget\packages\microsoft.netcore.app.ref\9.0.13\ref\net9.0\System.Data.DataSetExtensions.dll /reference:C:\Users\bigfa\.nuget\packages\microsoft.netcore.app.ref\9.0.13\ref\net9.0\System.Data.dll /reference:C:\Users\bigfa\.nuget\packages\microsoft.windowsdesktop.app.ref\9.0.13\ref\net9.0\System.Design.dll /reference:C:\Users\bigfa\.nuget\packages\microsoft.netcore.app.ref\9.0.13\ref\net9.0\System.Diagnostics.Contracts.dll /reference:C:\Users\bigfa\.nuget\packages\microsoft.netcore.app.ref\9.0.13\ref\net9.0\System.Diagnostics.Debug.dll /reference:C:\Users\bigfa\.nuget\packages\microsoft.netcore.app.ref\9.0.13\ref\net9.0\System.Diagnostics.DiagnosticSource.dll /reference:C:\Users\bigfa\.nuget\packages\microsoft.windowsdesktop.app.ref\9.0.13\ref\net9.0\System.Diagnostics.EventLog.dll /reference:C:\Users\bigfa\.nuget\packages\microsoft.netcore.app.ref\9.0.13\ref\net9.0\System.Diagnostics.FileVersionInfo.dll /reference:C:\Users\bigfa\.nuget\packages\microsoft.windowsdesktop.app.ref\9.0.13\ref\net9.0\System.Diagnostics.PerformanceCounter.dll /reference:C:\Users\bigfa\.nuget\packages\microsoft.netcore.app.ref\9.0.13\ref\net9.0\System.Diagnostics.Process.dll /reference:C:\Users\bigfa\.nuget\packages\microsoft.netcore.app.ref\9.0.13\ref\net9.0\System.Diagnostics.StackTrace.dll /reference:C:\Users\bigfa\.nuget\packages\microsoft.netcore.app.ref\9.0.13\ref\net9.0\System.Diagnostics.TextWriterTraceListener.dll /reference:C:\Users\bigfa\.nuget\packages\microsoft.netcore.app.ref\9.0.13\ref\net9.0\System.Diagnostics.Tools.dll /reference:C:\Users\bigfa\.nuget\packages\microsoft.netcore.app.ref\9.0.13\ref\net9.0\System.Diagnostics.TraceSource.dll /reference:C:\Users\bigfa\.nuget\packages\microsoft.netcore.app.ref\9.0.13\ref\net9.0\System.Diagnostics.Tracing.dll /reference:C:\Users\bigfa\.nuget\packages\microsoft.windowsdesktop.app.ref\9.0.13\ref\net9.0\System.DirectoryServices.dll /reference:C:\Users\bigfa\.nuget\packages\microsoft.netcore.app.ref\9.0.13\ref\net9.0\System.dll /reference:C:\Users\bigfa\.nuget\packages\microsoft.windowsdesktop.app.ref\9.0.13\ref\net9.0\System.Drawing.Common.dll /reference:C:\Users\bigfa\.nuget\packages\microsoft.windowsdesktop.app.ref\9.0.13\ref\net9.0\System.Drawing.Design.dll /reference:C:\Users\bigfa\.nuget\packages\microsoft.windowsdesktop.app.ref\9.0.13\ref\net9.0\System.Drawing.dll /reference:C:\Users\bigfa\.nuget\packages\microsoft.netcore.app.ref\9.0.13\ref\net9.0\System.Drawing.Primitives.dll /reference:C:\Users\bigfa\.nuget\packages\microsoft.netcore.app.ref\9.0.13\ref\net9.0\System.Dynamic.Runtime.dll /reference:C:\Users\bigfa\.nuget\packages\microsoft.netcore.app.ref\9.0.13\ref\net9.0\System.Formats.Asn1.dll /reference:C:\Users\bigfa\.nuget\packages\microsoft.windowsdesktop.app.ref\9.0.13\ref\net9.0\System.Formats.Nrbf.dll /reference:C:\Users\bigfa\.nuget\packages\microsoft.netcore.app.ref\9.0.13\ref\net9.0\System.Formats.Tar.dll /reference:C:\Users\bigfa\.nuget\packages\microsoft.netcore.app.ref\9.0.13\ref\net9.0\System.Globalization.Calendars.dll /reference:C:\Users\bigfa\.nuget\packages\microsoft.netcore.app.ref\9.0.13\ref\net9.0\System.Globalization.dll /reference:C:\Users\bigfa\.nuget\packages\microsoft.netcore.app.ref\9.0.13\ref\net9.0\System.Globalization.Extensions.dll /reference:C:\Users\bigfa\.nuget\packages\microsoft.netcore.app.ref\9.0.13\ref\net9.0\System.IO.Compression.Brotli.dll /reference:C:\Users\bigfa\.nuget\packages\microsoft.netcore.app.ref\9.0.13\ref\net9.0\System.IO.Compression.dll /reference:C:\Users\bigfa\.nuget\packages\microsoft.netcore.app.ref\9.0.13\ref\net9.0\System.IO.Compression.FileSystem.dll /reference:C:\Users\bigfa\.nuget\packages\microsoft.netcore.app.ref\9.0.13\ref\net9.0\System.IO.Compression.ZipFile.dll /reference:C:\Users\bigfa\.nuget\packages\microsoft.netcore.app.ref\9.0.13\ref\net9.0\System.IO.dll /reference:C:\Users\bigfa\.nuget\packages\microsoft.netcore.app.ref\9.0.13\ref\net9.0\System.IO.FileSystem.AccessControl.dll /reference:C:\Users\bigfa\.nuget\packages\microsoft.netcore.app.ref\9.0.13\ref\net9.0\System.IO.FileSystem.dll /reference:C:\Users\bigfa\.nuget\packages\microsoft.netcore.app.ref\9.0.13\ref\net9.0\System.IO.FileSystem.DriveInfo.dll /reference:C:\Users\bigfa\.nuget\packages\microsoft.netcore.app.ref\9.0.13\ref\net9.0\System.IO.FileSystem.Primitives.dll /reference:C:\Users\bigfa\.nuget\packages\microsoft.netcore.app.ref\9.0.13\ref\net9.0\System.IO.FileSystem.Watcher.dll /reference:C:\Users\bigfa\.nuget\packages\microsoft.netcore.app.ref\9.0.13\ref\net9.0\System.IO.IsolatedStorage.dll /reference:C:\Users\bigfa\.nuget\packages\microsoft.netcore.app.ref\9.0.13\ref\net9.0\System.IO.MemoryMappedFiles.dll /reference:C:\Users\bigfa\.nuget\packages\microsoft.windowsdesktop.app.ref\9.0.13\ref\net9.0\System.IO.Packaging.dll /reference:C:\Users\bigfa\.nuget\packages\microsoft.netcore.app.ref\9.0.13\ref\net9.0\System.IO.Pipelines.dll /reference:C:\Users\bigfa\.nuget\packages\microsoft.netcore.app.ref\9.0.13\ref\net9.0\System.IO.Pipes.AccessControl.dll /reference:C:\Users\bigfa\.nuget\packages\microsoft.netcore.app.ref\9.0.13\ref\net9.0\System.IO.Pipes.dll /reference:C:\Users\bigfa\.nuget\packages\microsoft.netcore.app.ref\9.0.13\ref\net9.0\System.IO.UnmanagedMemoryStream.dll /reference:C:\Users\bigfa\.nuget\packages\microsoft.netcore.app.ref\9.0.13\ref\net9.0\System.Linq.dll /reference:C:\Users\bigfa\.nuget\packages\microsoft.netcore.app.ref\9.0.13\ref\net9.0\System.Linq.Expressions.dll /reference:C:\Users\bigfa\.nuget\packages\microsoft.netcore.app.ref\9.0.13\ref\net9.0\System.Linq.Parallel.dll /reference:C:\Users\bigfa\.nuget\packages\microsoft.netcore.app.ref\9.0.13\ref\net9.0\System.Linq.Queryable.dll /reference:C:\Users\bigfa\.nuget\packages\microsoft.netcore.app.ref\9.0.13\ref\net9.0\System.Memory.dll /reference:C:\Users\bigfa\.nuget\packages\microsoft.netcore.app.ref\9.0.13\ref\net9.0\System.Net.dll /reference:C:\Users\bigfa\.nuget\packages\microsoft.netcore.app.ref\9.0.13\ref\net9.0\System.Net.Http.dll /reference:C:\Users\bigfa\.nuget\packages\microsoft.netcore.app.ref\9.0.13\ref\net9.0\System.Net.Http.Json.dll /reference:C:\Users\bigfa\.nuget\packages\microsoft.netcore.app.ref\9.0.13\ref\net9.0\System.Net.HttpListener.dll /reference:C:\Users\bigfa\.nuget\packages\microsoft.netcore.app.ref\9.0.13\ref\net9.0\System.Net.Mail.dll /reference:C:\Users\bigfa\.nuget\packages\microsoft.netcore.app.ref\9.0.13\ref\net9.0\System.Net.NameResolution.dll /reference:C:\Users\bigfa\.nuget\packages\microsoft.netcore.app.ref\9.0.13\ref\net9.0\System.Net.NetworkInformation.dll /reference:C:\Users\bigfa\.nuget\packages\microsoft.netcore.app.ref\9.0.13\ref\net9.0\System.Net.Ping.dll /reference:C:\Users\bigfa\.nuget\packages\microsoft.netcore.app.ref\9.0.13\ref\net9.0\System.Net.Primitives.dll /reference:C:\Users\bigfa\.nuget\packages\microsoft.netcore.app.ref\9.0.13\ref\net9.0\System.Net.Quic.dll /reference:C:\Users\bigfa\.nuget\packages\microsoft.netcore.app.ref\9.0.13\ref\net9.0\System.Net.Requests.dll /reference:C:\Users\bigfa\.nuget\packages\microsoft.netcore.app.ref\9.0.13\ref\net9.0\System.Net.Security.dll /reference:C:\Users\bigfa\.nuget\packages\microsoft.netcore.app.ref\9.0.13\ref\net9.0\System.Net.ServicePoint.dll /reference:C:\Users\bigfa\.nuget\packages\microsoft.netcore.app.ref\9.0.13\ref\net9.0\System.Net.Sockets.dll /reference:C:\Users\bigfa\.nuget\packages\microsoft.netcore.app.ref\9.0.13\ref\net9.0\System.Net.WebClient.dll /reference:C:\Users\bigfa\.nuget\packages\microsoft.netcore.app.ref\9.0.13\ref\net9.0\System.Net.WebHeaderCollection.dll /reference:C:\Users\bigfa\.nuget\packages\microsoft.netcore.app.ref\9.0.13\ref\net9.0\System.Net.WebProxy.dll /reference:C:\Users\bigfa\.nuget\packages\microsoft.netcore.app.ref\9.0.13\ref\net9.0\System.Net.WebSockets.Client.dll /reference:C:\Users\bigfa\.nuget\packages\microsoft.netcore.app.ref\9.0.13\ref\net9.0\System.Net.WebSockets.dll /reference:C:\Users\bigfa\.nuget\packages\microsoft.netcore.app.ref\9.0.13\ref\net9.0\System.Numerics.dll /reference:C:\Users\bigfa\.nuget\packages\microsoft.netcore.app.ref\9.0.13\ref\net9.0\System.Numerics.Vectors.dll /reference:C:\Users\bigfa\.nuget\packages\microsoft.netcore.app.ref\9.0.13\ref\net9.0\System.ObjectModel.dll /reference:C:\Users\bigfa\.nuget\packages\microsoft.windowsdesktop.app.ref\9.0.13\ref\net9.0\System.Printing.dll /reference:C:\Users\bigfa\.nuget\packages\microsoft.windowsdesktop.app.ref\9.0.13\ref\net9.0\System.Private.Windows.Core.dll /reference:C:\Users\bigfa\.nuget\packages\microsoft.netcore.app.ref\9.0.13\ref\net9.0\System.Reflection.DispatchProxy.dll /reference:C:\Users\bigfa\.nuget\packages\microsoft.netcore.app.ref\9.0.13\ref\net9.0\System.Reflection.dll /reference:C:\Users\bigfa\.nuget\packages\microsoft.netcore.app.ref\9.0.13\ref\net9.0\System.Reflection.Emit.dll /reference:C:\Users\bigfa\.nuget\packages\microsoft.netcore.app.ref\9.0.13\ref\net9.0\System.Reflection.Emit.ILGeneration.dll /reference:C:\Users\bigfa\.nuget\packages\microsoft.netcore.app.ref\9.0.13\ref\net9.0\System.Reflection.Emit.Lightweight.dll /reference:C:\Users\bigfa\.nuget\packages\microsoft.netcore.app.ref\9.0.13\ref\net9.0\System.Reflection.Extensions.dll /reference:C:\Users\bigfa\.nuget\packages\microsoft.netcore.app.ref\9.0.13\ref\net9.0\System.Reflection.Metadata.dll /reference:C:\Users\bigfa\.nuget\packages\microsoft.netcore.app.ref\9.0.13\ref\net9.0\System.Reflection.Primitives.dll /reference:C:\Users\bigfa\.nuget\packages\microsoft.netcore.app.ref\9.0.13\ref\net9.0\System.Reflection.TypeExtensions.dll /reference:C:\Users\bigfa\.nuget\packages\microsoft.windowsdesktop.app.ref\9.0.13\ref\net9.0\System.Resources.Extensions.dll /reference:C:\Users\bigfa\.nuget\packages\microsoft.netcore.app.ref\9.0.13\ref\net9.0\System.Resources.Reader.dll /reference:C:\Users\bigfa\.nuget\packages\microsoft.netcore.app.ref\9.0.13\ref\net9.0\System.Resources.ResourceManager.dll /reference:C:\Users\bigfa\.nuget\packages\microsoft.netcore.app.ref\9.0.13\ref\net9.0\System.Resources.Writer.dll /reference:C:\Users\bigfa\.nuget\packages\microsoft.netcore.app.ref\9.0.13\ref\net9.0\System.Runtime.CompilerServices.Unsafe.dll /reference:C:\Users\bigfa\.nuget\packages\microsoft.netcore.app.ref\9.0.13\ref\net9.0\System.Runtime.CompilerServices.VisualC.dll /reference:C:\Users\bigfa\.nuget\packages\microsoft.netcore.app.ref\9.0.13\ref\net9.0\System.Runtime.dll /reference:C:\Users\bigfa\.nuget\packages\microsoft.netcore.app.ref\9.0.13\ref\net9.0\System.Runtime.Extensions.dll /reference:C:\Users\bigfa\.nuget\packages\microsoft.netcore.app.ref\9.0.13\ref\net9.0\System.Runtime.Handles.dll /reference:C:\Users\bigfa\.nuget\packages\microsoft.netcore.app.ref\9.0.13\ref\net9.0\System.Runtime.InteropServices.dll /reference:C:\Users\bigfa\.nuget\packages\microsoft.netcore.app.ref\9.0.13\ref\net9.0\System.Runtime.InteropServices.JavaScript.dll /reference:C:\Users\bigfa\.nuget\packages\microsoft.netcore.app.ref\9.0.13\ref\net9.0\System.Runtime.InteropServices.RuntimeInformation.dll /reference:C:\Users\bigfa\.nuget\packages\microsoft.netcore.app.ref\9.0.13\ref\net9.0\System.Runtime.Intrinsics.dll /reference:C:\Users\bigfa\.nuget\packages\microsoft.netcore.app.ref\9.0.13\ref\net9.0\System.Runtime.Loader.dll /reference:C:\Users\bigfa\.nuget\packages\microsoft.netcore.app.ref\9.0.13\ref\net9.0\System.Runtime.Numerics.dll /reference:C:\Users\bigfa\.nuget\packages\microsoft.netcore.app.ref\9.0.13\ref\net9.0\System.Runtime.Serialization.dll /reference:C:\Users\bigfa\.nuget\packages\microsoft.netcore.app.ref\9.0.13\ref\net9.0\System.Runtime.Serialization.Formatters.dll /reference:C:\Users\bigfa\.nuget\packages\microsoft.netcore.app.ref\9.0.13\ref\net9.0\System.Runtime.Serialization.Json.dll /reference:C:\Users\bigfa\.nuget\packages\microsoft.netcore.app.ref\9.0.13\ref\net9.0\System.Runtime.Serialization.Primitives.dll /reference:C:\Users\bigfa\.nuget\packages\microsoft.netcore.app.ref\9.0.13\ref\net9.0\System.Runtime.Serialization.Xml.dll /reference:C:\Users\bigfa\.nuget\packages\microsoft.netcore.app.ref\9.0.13\ref\net9.0\System.Security.AccessControl.dll /reference:C:\Users\bigfa\.nuget\packages\microsoft.netcore.app.ref\9.0.13\ref\net9.0\System.Security.Claims.dll /reference:C:\Users\bigfa\.nuget\packages\microsoft.netcore.app.ref\9.0.13\ref\net9.0\System.Security.Cryptography.Algorithms.dll /reference:C:\Users\bigfa\.nuget\packages\microsoft.netcore.app.ref\9.0.13\ref\net9.0\System.Security.Cryptography.Cng.dll /reference:C:\Users\bigfa\.nuget\packages\microsoft.netcore.app.ref\9.0.13\ref\net9.0\System.Security.Cryptography.Csp.dll /reference:C:\Users\bigfa\.nuget\packages\microsoft.netcore.app.ref\9.0.13\ref\net9.0\System.Security.Cryptography.dll /reference:C:\Users\bigfa\.nuget\packages\microsoft.netcore.app.ref\9.0.13\ref\net9.0\System.Security.Cryptography.Encoding.dll /reference:C:\Users\bigfa\.nuget\packages\microsoft.netcore.app.ref\9.0.13\ref\net9.0\System.Security.Cryptography.OpenSsl.dll /reference:C:\Users\bigfa\.nuget\packages\microsoft.windowsdesktop.app.ref\9.0.13\ref\net9.0\System.Security.Cryptography.Pkcs.dll /reference:C:\Users\bigfa\.nuget\packages\microsoft.netcore.app.ref\9.0.13\ref\net9.0\System.Security.Cryptography.Primitives.dll /reference:C:\Users\bigfa\.nuget\packages\microsoft.windowsdesktop.app.ref\9.0.13\ref\net9.0\System.Security.Cryptography.ProtectedData.dll /reference:C:\Users\bigfa\.nuget\packages\microsoft.netcore.app.ref\9.0.13\ref\net9.0\System.Security.Cryptography.X509Certificates.dll /reference:C:\Users\bigfa\.nuget\packages\microsoft.windowsdesktop.app.ref\9.0.13\ref\net9.0\System.Security.Cryptography.Xml.dll /reference:C:\Users\bigfa\.nuget\packages\microsoft.netcore.app.ref\9.0.13\ref\net9.0\System.Security.dll /reference:C:\Users\bigfa\.nuget\packages\microsoft.windowsdesktop.app.ref\9.0.13\ref\net9.0\System.Security.Permissions.dll /reference:C:\Users\bigfa\.nuget\packages\microsoft.netcore.app.ref\9.0.13\ref\net9.0\System.Security.Principal.dll /reference:C:\Users\bigfa\.nuget\packages\microsoft.netcore.app.ref\9.0.13\ref\net9.0\System.Security.Principal.Windows.dll /reference:C:\Users\bigfa\.nuget\packages\microsoft.netcore.app.ref\9.0.13\ref\net9.0\System.Security.SecureString.dll /reference:C:\Users\bigfa\.nuget\packages\microsoft.netcore.app.ref\9.0.13\ref\net9.0\System.ServiceModel.Web.dll /reference:C:\Users\bigfa\.nuget\packages\microsoft.netcore.app.ref\9.0.13\ref\net9.0\System.ServiceProcess.dll /reference:C:\Users\bigfa\.nuget\packages\microsoft.netcore.app.ref\9.0.13\ref\net9.0\System.Text.Encoding.CodePages.dll /reference:C:\Users\bigfa\.nuget\packages\microsoft.netcore.app.ref\9.0.13\ref\net9.0\System.Text.Encoding.dll /reference:C:\Users\bigfa\.nuget\packages\microsoft.netcore.app.ref\9.0.13\ref\net9.0\System.Text.Encoding.Extensions.dll /reference:C:\Users\bigfa\.nuget\packages\microsoft.netcore.app.ref\9.0.13\ref\net9.0\System.Text.Encodings.Web.dll /reference:C:\Users\bigfa\.nuget\packages\microsoft.netcore.app.ref\9.0.13\ref\net9.0\System.Text.Json.dll /reference:C:\Users\bigfa\.nuget\packages\microsoft.netcore.app.ref\9.0.13\ref\net9.0\System.Text.RegularExpressions.dll /reference:C:\Users\bigfa\.nuget\packages\microsoft.windowsdesktop.app.ref\9.0.13\ref\net9.0\System.Threading.AccessControl.dll /reference:C:\Users\bigfa\.nuget\packages\microsoft.netcore.app.ref\9.0.13\ref\net9.0\System.Threading.Channels.dll /reference:C:\Users\bigfa\.nuget\packages\microsoft.netcore.app.ref\9.0.13\ref\net9.0\System.Threading.dll /reference:C:\Users\bigfa\.nuget\packages\microsoft.netcore.app.ref\9.0.13\ref\net9.0\System.Threading.Overlapped.dll /reference:C:\Users\bigfa\.nuget\packages\microsoft.netcore.app.ref\9.0.13\ref\net9.0\System.Threading.Tasks.Dataflow.dll /reference:C:\Users\bigfa\.nuget\packages\microsoft.netcore.app.ref\9.0.13\ref\net9.0\System.Threading.Tasks.dll /reference:C:\Users\bigfa\.nuget\packages\microsoft.netcore.app.ref\9.0.13\ref\net9.0\System.Threading.Tasks.Extensions.dll /reference:C:\Users\bigfa\.nuget\packages\microsoft.netcore.app.ref\9.0.13\ref\net9.0\System.Threading.Tasks.Parallel.dll /reference:C:\Users\bigfa\.nuget\packages\microsoft.netcore.app.ref\9.0.13\ref\net9.0\System.Threading.Thread.dll /reference:C:\Users\bigfa\.nuget\packages\microsoft.netcore.app.ref\9.0.13\ref\net9.0\System.Threading.ThreadPool.dll /reference:C:\Users\bigfa\.nuget\packages\microsoft.netcore.app.ref\9.0.13\ref\net9.0\System.Threading.Timer.dll /reference:C:\Users\bigfa\.nuget\packages\microsoft.netcore.app.ref\9.0.13\ref\net9.0\System.Transactions.dll /reference:C:\Users\bigfa\.nuget\packages\microsoft.netcore.app.ref\9.0.13\ref\net9.0\System.Transactions.Local.dll /reference:C:\Users\bigfa\.nuget\packages\microsoft.netcore.app.ref\9.0.13\ref\net9.0\System.ValueTuple.dll /reference:C:\Users\bigfa\.nuget\packages\microsoft.netcore.app.ref\9.0.13\ref\net9.0\System.Web.dll /reference:C:\Users\bigfa\.nuget\packages\microsoft.netcore.app.ref\9.0.13\ref\net9.0\System.Web.HttpUtility.dll /reference:C:\Users\bigfa\.nuget\packages\microsoft.windowsdesktop.app.ref\9.0.13\ref\net9.0\System.Windows.Controls.Ribbon.dll /reference:C:\Users\bigfa\.nuget\packages\microsoft.netcore.app.ref\9.0.13\ref\net9.0\System.Windows.dll /reference:C:\Users\bigfa\.nuget\packages\microsoft.windowsdesktop.app.ref\9.0.13\ref\net9.0\System.Windows.Extensions.dll /reference:C:\Users\bigfa\.nuget\packages\microsoft.windowsdesktop.app.ref\9.0.13\ref\net9.0\System.Windows.Forms.Design.dll /reference:C:\Users\bigfa\.nuget\packages\microsoft.windowsdesktop.app.ref\9.0.13\ref\net9.0\System.Windows.Forms.Design.Editors.dll /reference:C:\Users\bigfa\.nuget\packages\microsoft.windowsdesktop.app.ref\9.0.13\ref\net9.0\System.Windows.Forms.dll /reference:C:\Users\bigfa\.nuget\packages\microsoft.windowsdesktop.app.ref\9.0.13\ref\net9.0\System.Windows.Forms.Primitives.dll /reference:C:\Users\bigfa\.nuget\packages\microsoft.windowsdesktop.app.ref\9.0.13\ref\net9.0\System.Windows.Input.Manipulations.dll /reference:C:\Users\bigfa\.nuget\packages\microsoft.windowsdesktop.app.ref\9.0.13\ref\net9.0\System.Windows.Presentation.dll /reference:C:\Users\bigfa\.nuget\packages\microsoft.windowsdesktop.app.ref\9.0.13\ref\net9.0\System.Xaml.dll /reference:C:\Users\bigfa\.nuget\packages\microsoft.netcore.app.ref\9.0.13\ref\net9.0\System.Xml.dll /reference:C:\Users\bigfa\.nuget\packages\microsoft.netcore.app.ref\9.0.13\ref\net9.0\System.Xml.Linq.dll /reference:C:\Users\bigfa\.nuget\packages\microsoft.netcore.app.ref\9.0.13\ref\net9.0\System.Xml.ReaderWriter.dll /reference:C:\Users\bigfa\.nuget\packages\microsoft.netcore.app.ref\9.0.13\ref\net9.0\System.Xml.Serialization.dll /reference:C:\Users\bigfa\.nuget\packages\microsoft.netcore.app.ref\9.0.13\ref\net9.0\System.Xml.XDocument.dll /reference:C:\Users\bigfa\.nuget\packages\microsoft.netcore.app.ref\9.0.13\ref\net9.0\System.Xml.XmlDocument.dll /reference:C:\Users\bigfa\.nuget\packages\microsoft.netcore.app.ref\9.0.13\ref\net9.0\System.Xml.XmlSerializer.dll /reference:C:\Users\bigfa\.nuget\packages\microsoft.netcore.app.ref\9.0.13\ref\net9.0\System.Xml.XPath.dll /reference:C:\Users\bigfa\.nuget\packages\microsoft.netcore.app.ref\9.0.13\ref\net9.0\System.Xml.XPath.XDocument.dll /reference:C:\Users\bigfa\.nuget\packages\microsoft.windowsdesktop.app.ref\9.0.13\ref\net9.0\UIAutomationClient.dll /reference:C:\Users\bigfa\.nuget\packages\microsoft.windowsdesktop.app.ref\9.0.13\ref\net9.0\UIAutomationClientSideProviders.dll /reference:C:\Users\bigfa\.nuget\packages\microsoft.windowsdesktop.app.ref\9.0.13\ref\net9.0\UIAutomationProvider.dll /reference:C:\Users\bigfa\.nuget\packages\microsoft.windowsdesktop.app.ref\9.0.13\ref\net9.0\UIAutomationTypes.dll /reference:C:\Users\bigfa\.nuget\packages\microsoft.windowsdesktop.app.ref\9.0.13\ref\net9.0\WindowsBase.dll /reference:C:\Users\bigfa\.nuget\packages\microsoft.windowsdesktop.app.ref\9.0.13\ref\net9.0\WindowsFormsIntegration.dll /reference:"E:\_Free code\WinTab\src\WinTab.Core\bin\Debug\net9.0\WinTab.Core.dll" /reference:"E:\_Free code\WinTab\src\WinTab.Diagnostics\bin\Debug\net9.0\WinTab.Diagnostics.dll" /reference:"E:\_Free code\WinTab\src\WinTab.Persistence\bin\Debug\net9.0\WinTab.Persistence.dll" /reference:"E:\_Free code\WinTab\src\WinTab.Platform.Win32\bin\Debug\net9.0-windows\WinTab.Platform.Win32.dll" /reference:"E:\_Free code\WinTab\src\WinTab.UI\bin\Debug\net9.0-windows\WinTab.UI.dll" /reference:C:\Users\bigfa\.nuget\packages\wpf-ui.abstractions\4.2.0\lib\net9.0\Wpf.Ui.Abstractions.dll /reference:C:\Users\bigfa\.nuget\packages\wpf-ui\4.2.0\lib\net9.0-windows7.0\Wpf.Ui.dll /debug+ /debug:portable /filealign:512 /optimize- /out:obj\Debug\net9.0-windows\WinTab.dll /refout:obj\Debug\net9.0-windows\refint\WinTab.dll /target:winexe /warnaserror- /utf8output /win32icon:Assets\wintab.ico /deterministic+ /sourcelink:obj\Debug\net9.0-windows\WinTab.App_xzhk2mrj_wpftmp.sourcelink.json /langversion:13.0 /embed:"E:\_Free code\WinTab\src\WinTab.App\obj\Debug\net9.0-windows\Views\MainWindow.g.cs" /embed:"E:\_Free code\WinTab\src\WinTab.App\obj\Debug\net9.0-windows\Views\Pages\AboutPage.g.cs" /embed:"E:\_Free code\WinTab\src\WinTab.App\obj\Debug\net9.0-windows\Views\Pages\BehaviorPage.g.cs" /embed:"E:\_Free code\WinTab\src\WinTab.App\obj\Debug\net9.0-windows\Views\Pages\GeneralPage.g.cs" /embed:"E:\_Free code\WinTab\src\WinTab.App\obj\Debug\net9.0-windows\Views\Pages\UninstallPage.g.cs" /embed:"E:\_Free code\WinTab\src\WinTab.App\obj\Debug\net9.0-windows\App.g.cs" /embed:"E:\_Free code\WinTab\src\WinTab.App\obj\Debug\net9.0-windows\GeneratedInternalTypeHelper.g.cs" /embed:"obj\Debug\net9.0-windows\.NETCoreApp,Version=v9.0.AssemblyAttributes.cs" /embed:obj\Debug\net9.0-windows\WinTab.App_xzhk2mrj_wpftmp.AssemblyInfo.cs /embed:obj\Debug\net9.0-windows\WinTab.App_xzhk2mrj_wpftmp.GlobalUsings.g.cs /analyzerconfig:"E:\_Free code\WinTab\.editorconfig" /analyzerconfig:obj\Debug\net9.0-windows\WinTab.App_xzhk2mrj_wpftmp.GeneratedMSBuildEditorConfig.editorconfig /analyzerconfig:"C:\Program Files\dotnet\sdk\10.0.103\Sdks\Microsoft.NET.Sdk\analyzers\build\config\analysislevel_9_default.globalconfig" /analyzer:"C:\Program Files\dotnet\sdk\10.0.103\Sdks\Microsoft.NET.Sdk\targets\..\analyzers\Microsoft.CodeAnalysis.CSharp.NetAnalyzers.dll" /analyzer:"C:\Program Files\dotnet\sdk\10.0.103\Sdks\Microsoft.NET.Sdk\targets\..\analyzers\Microsoft.CodeAnalysis.NetAnalyzers.dll" /analyzer:C:\Users\bigfa\.nuget\packages\communitytoolkit.mvvm\8.4.0\analyzers\dotnet\roslyn4.12\cs\CommunityToolkit.Mvvm.CodeFixers.dll /analyzer:C:\Users\bigfa\.nuget\packages\communitytoolkit.mvvm\8.4.0\analyzers\dotnet\roslyn4.12\cs\CommunityToolkit.Mvvm.SourceGenerators.dll /analyzer:C:\Users\bigfa\.nuget\packages\microsoft.netcore.app.ref\9.0.13\analyzers/dotnet/cs/Microsoft.Interop.ComInterfaceGenerator.dll /analyzer:C:\Users\bigfa\.nuget\packages\microsoft.netcore.app.ref\9.0.13\analyzers/dotnet/cs/Microsoft.Interop.JavaScript.JSImportGenerator.dll /analyzer:C:\Users\bigfa\.nuget\packages\microsoft.netcore.app.ref\9.0.13\analyzers/dotnet/cs/Microsoft.Interop.LibraryImportGenerator.dll /analyzer:C:\Users\bigfa\.nuget\packages\microsoft.netcore.app.ref\9.0.13\analyzers/dotnet/cs/Microsoft.Interop.SourceGeneration.dll /analyzer:C:\Users\bigfa\.nuget\packages\microsoft.netcore.app.ref\9.0.13\analyzers/dotnet/cs/System.Text.Json.SourceGeneration.dll /analyzer:C:\Users\bigfa\.nuget\packages\microsoft.netcore.app.ref\9.0.13\analyzers/dotnet/cs/System.Text.RegularExpressions.Generator.dll /analyzer:C:\Users\bigfa\.nuget\packages\microsoft.windowsdesktop.app.ref\9.0.13\analyzers/dotnet/System.Windows.Forms.Analyzers.dll /analyzer:C:\Users\bigfa\.nuget\packages\microsoft.windowsdesktop.app.ref\9.0.13\analyzers/dotnet/cs/System.Windows.Forms.Analyzers.CSharp.dll /analyzer:C:\Users\bigfa\.nuget\packages\microsoft.windowsdesktop.app.ref\9.0.13\analyzers/dotnet/cs/System.Windows.Forms.Analyzers.CodeFixes.CSharp.dll App.xaml.cs AssemblyInfo.cs ExplorerTabUtilityPort\ClipboardManager.cs ExplorerTabUtilityPort\ExplorerTabHookService.cs ExplorerTabUtilityPort\ExplorerTabMouseHookService.cs ExplorerTabUtilityPort\Interop\IServiceProvider.cs ExplorerTabUtilityPort\Interop\IShellBrowser.cs ExplorerTabUtilityPort\ShellComNavigator.cs ExplorerTabUtilityPort\WinEventHookManager.cs Services\AppEnvironment.cs Services\AppLifecycleService.cs Services\ExplorerOpenRequestClient.cs Services\ExplorerOpenRequestServer.cs Services\ExplorerOpenVerbHandler.cs Services\RegistryOpenVerbInterceptor.cs Services\SingleInstanceService.cs Services\TrayIconController.cs Services\UninstallCleanupHandler.cs ViewModels\AboutViewModel.cs ViewModels\BehaviorViewModel.cs ViewModels\GeneralViewModel.cs ViewModels\UninstallViewModel.cs Views\MainWindow.xaml.cs Views\Pages\AboutPage.xaml.cs Views\Pages\BehaviorPage.xaml.cs Views\Pages\GeneralPage.xaml.cs Views\Pages\UninstallPage.xaml.cs "E:\_Free code\WinTab\src\WinTab.App\obj\Debug\net9.0-windows\Views\MainWindow.g.cs" "E:\_Free code\WinTab\src\WinTab.App\obj\Debug\net9.0-windows\Views\Pages\AboutPage.g.cs" "E:\_Free code\WinTab\src\WinTab.App\obj\Debug\net9.0-windows\Views\Pages\BehaviorPage.g.cs" "E:\_Free code\WinTab\src\WinTab.App\obj\Debug\net9.0-windows\Views\Pages\GeneralPage.g.cs" "E:\_Free code\WinTab\src\WinTab.App\obj\Debug\net9.0-windows\Views\Pages\UninstallPage.g.cs" "E:\_Free code\WinTab\src\WinTab.App\obj\Debug\net9.0-windows\App.g.cs" "E:\_Free code\WinTab\src\WinTab.App\obj\Debug\net9.0-windows\GeneratedInternalTypeHelper.g.cs" "obj\Debug\net9.0-windows\.NETCoreApp,Version=v9.0.AssemblyAttributes.cs" obj\Debug\net9.0-windows\WinTab.App_xzhk2mrj_wpftmp.AssemblyInfo.cs obj\Debug\net9.0-windows\WinTab.App_xzhk2mrj_wpftmp.GlobalUsings.g.cs /warnaserror+:NU1605,SYSLIB0011'
         Attempt to open named pipe '0amteq1S537p+5e6hNJW7IXCiJal3OrNDg_J6W40o4k'
         Attempt to connect named pipe '0amteq1S537p+5e6hNJW7IXCiJal3OrNDg_J6W40o4k'
         Named pipe '0amteq1S537p+5e6hNJW7IXCiJal3OrNDg_J6W40o4k' connected
         Begin writing request for WinTab.App_xzhk2mrj_wpftmp (net9.0-windows)
         End writing request for WinTab.App_xzhk2mrj_wpftmp (net9.0-windows)
         Begin reading response for WinTab.App_xzhk2mrj_wpftmp (net9.0-windows)
         End reading response for WinTab.App_xzhk2mrj_wpftmp (net9.0-windows)
     9>E:\_Free code\WinTab\src\WinTab.App\ExplorerTabUtilityPort\ExplorerTabHookService.cs(380,39): error CS0103: 褰撳墠涓婁笅鏂囦腑涓嶅瓨鍦ㄥ悕绉扳€淿shellComNavigator鈥?[E:\_Free code\WinTab\src\WinTab.App\WinTab.App_xzhk2mrj_wpftmp.csproj]
     9>E:\_Free code\WinTab\src\WinTab.App\ExplorerTabUtilityPort\ExplorerTabHookService.cs(892,46): error CS0120: 瀵硅薄寮曠敤瀵逛簬闈為潤鎬佺殑瀛楁銆佹柟娉曟垨灞炴€р€淓xplorerTabHookService.TryGetLocationByTabHandleUi(nint)鈥濇槸蹇呴渶鐨?[E:\_Free code\WinTab\src\WinTab.App\WinTab.App_xzhk2mrj_wpftmp.csproj]
     9>E:\_Free code\WinTab\src\WinTab.App\ExplorerTabUtilityPort\ExplorerTabHookService.cs(902,32): error CS0120: 瀵硅薄寮曠敤瀵逛簬闈為潤鎬佺殑瀛楁銆佹柟娉曟垨灞炴€р€淓xplorerTabHookService.TryGetLocationByTabHandleUi(nint)鈥濇槸蹇呴渶鐨?[E:\_Free code\WinTab\src\WinTab.App\WinTab.App_xzhk2mrj_wpftmp.csproj]
     9>E:\_Free code\WinTab\src\WinTab.App\ExplorerTabUtilityPort\ExplorerTabHookService.cs(1051,32): error CS0103: 褰撳墠涓婁笅鏂囦腑涓嶅瓨鍦ㄥ悕绉扳€淿shellComNavigator鈥?[E:\_Free code\WinTab\src\WinTab.App\WinTab.App_xzhk2mrj_wpftmp.csproj]
     9>E:\_Free code\WinTab\src\WinTab.App\ExplorerTabUtilityPort\ExplorerTabHookService.cs(1088,36): error CS0103: 褰撳墠涓婁笅鏂囦腑涓嶅瓨鍦ㄥ悕绉扳€淿shellComNavigator鈥?[E:\_Free code\WinTab\src\WinTab.App\WinTab.App_xzhk2mrj_wpftmp.csproj]
     9>E:\_Free code\WinTab\src\WinTab.App\ExplorerTabUtilityPort\ExplorerTabHookService.cs(1679,24): error CS0103: 褰撳墠涓婁笅鏂囦腑涓嶅瓨鍦ㄥ悕绉扳€淿shellComNavigator鈥?[E:\_Free code\WinTab\src\WinTab.App\WinTab.App_xzhk2mrj_wpftmp.csproj]
     9>E:\_Free code\WinTab\src\WinTab.App\ExplorerTabUtilityPort\ExplorerTabHookService.cs(1703,24): error CS0103: 褰撳墠涓婁笅鏂囦腑涓嶅瓨鍦ㄥ悕绉扳€淿shellComNavigator鈥?[E:\_Free code\WinTab\src\WinTab.App\WinTab.App_xzhk2mrj_wpftmp.csproj]
     9>E:\_Free code\WinTab\src\WinTab.App\ExplorerTabUtilityPort\ExplorerTabHookService.cs(1740,24): error CS0103: 褰撳墠涓婁笅鏂囦腑涓嶅瓨鍦ㄥ悕绉扳€淿shellComNavigator鈥?[E:\_Free code\WinTab\src\WinTab.App\WinTab.App_xzhk2mrj_wpftmp.csproj]
     9>E:\_Free code\WinTab\src\WinTab.App\ExplorerTabUtilityPort\ExplorerTabHookService.cs(2036,32): error CS0103: 褰撳墠涓婁笅鏂囦腑涓嶅瓨鍦ㄥ悕绉扳€淿shellComNavigator鈥?[E:\_Free code\WinTab\src\WinTab.App\WinTab.App_xzhk2mrj_wpftmp.csproj]
         CompilerServer: server - server processed compilation - WinTab.App_xzhk2mrj_wpftmp (net9.0-windows)
     9>宸插畬鎴愮敓鎴愰」鐩€淓:\_Free code\WinTab\src\WinTab.App\WinTab.App_xzhk2mrj_wpftmp.csproj鈥?_CompileTemporaryAssembly 涓洰鏍?鐨勬搷浣?- 澶辫触銆?
     8>宸插畬鎴愮敓鎴愰」鐩€淓:\_Free code\WinTab\src\WinTab.App\WinTab.App.csproj鈥?榛樿鐩爣)鐨勬搷浣?- 澶辫触銆?
     1>宸插畬鎴愮敓鎴愰」鐩€淓:\_Free code\WinTab\WinTab.slnx鈥?榛樿鐩爣)鐨勬搷浣?- 澶辫触銆?

鐢熸垚澶辫触銆?

       鈥淓:\_Free code\WinTab\WinTab.slnx鈥?榛樿鐩爣) (1:2) ->
       鈥淓:\_Free code\WinTab\src\WinTab.App\WinTab.App.csproj鈥?榛樿鐩爣) (8:6) ->
       鈥淓:\_Free code\WinTab\src\WinTab.App\WinTab.App_xzhk2mrj_wpftmp.csproj鈥?_CompileTemporaryAssembly 鐩爣) (9) ->
       (CoreCompile 鐩爣) -> 
         E:\_Free code\WinTab\src\WinTab.App\ExplorerTabUtilityPort\ExplorerTabHookService.cs(380,39): error CS0103: 褰撳墠涓婁笅鏂囦腑涓嶅瓨鍦ㄥ悕绉扳€淿shellComNavigator鈥?[E:\_Free code\WinTab\src\WinTab.App\WinTab.App_xzhk2mrj_wpftmp.csproj]
         E:\_Free code\WinTab\src\WinTab.App\ExplorerTabUtilityPort\ExplorerTabHookService.cs(892,46): error CS0120: 瀵硅薄寮曠敤瀵逛簬闈為潤鎬佺殑瀛楁銆佹柟娉曟垨灞炴€р€淓xplorerTabHookService.TryGetLocationByTabHandleUi(nint)鈥濇槸蹇呴渶鐨?[E:\_Free code\WinTab\src\WinTab.App\WinTab.App_xzhk2mrj_wpftmp.csproj]
         E:\_Free code\WinTab\src\WinTab.App\ExplorerTabUtilityPort\ExplorerTabHookService.cs(902,32): error CS0120: 瀵硅薄寮曠敤瀵逛簬闈為潤鎬佺殑瀛楁銆佹柟娉曟垨灞炴€р€淓xplorerTabHookService.TryGetLocationByTabHandleUi(nint)鈥濇槸蹇呴渶鐨?[E:\_Free code\WinTab\src\WinTab.App\WinTab.App_xzhk2mrj_wpftmp.csproj]
         E:\_Free code\WinTab\src\WinTab.App\ExplorerTabUtilityPort\ExplorerTabHookService.cs(1051,32): error CS0103: 褰撳墠涓婁笅鏂囦腑涓嶅瓨鍦ㄥ悕绉扳€淿shellComNavigator鈥?[E:\_Free code\WinTab\src\WinTab.App\WinTab.App_xzhk2mrj_wpftmp.csproj]
         E:\_Free code\WinTab\src\WinTab.App\ExplorerTabUtilityPort\ExplorerTabHookService.cs(1088,36): error CS0103: 褰撳墠涓婁笅鏂囦腑涓嶅瓨鍦ㄥ悕绉扳€淿shellComNavigator鈥?[E:\_Free code\WinTab\src\WinTab.App\WinTab.App_xzhk2mrj_wpftmp.csproj]
         E:\_Free code\WinTab\src\WinTab.App\ExplorerTabUtilityPort\ExplorerTabHookService.cs(1679,24): error CS0103: 褰撳墠涓婁笅鏂囦腑涓嶅瓨鍦ㄥ悕绉扳€淿shellComNavigator鈥?[E:\_Free code\WinTab\src\WinTab.App\WinTab.App_xzhk2mrj_wpftmp.csproj]
         E:\_Free code\WinTab\src\WinTab.App\ExplorerTabUtilityPort\ExplorerTabHookService.cs(1703,24): error CS0103: 褰撳墠涓婁笅鏂囦腑涓嶅瓨鍦ㄥ悕绉扳€淿shellComNavigator鈥?[E:\_Free code\WinTab\src\WinTab.App\WinTab.App_xzhk2mrj_wpftmp.csproj]
         E:\_Free code\WinTab\src\WinTab.App\ExplorerTabUtilityPort\ExplorerTabHookService.cs(1740,24): error CS0103: 褰撳墠涓婁笅鏂囦腑涓嶅瓨鍦ㄥ悕绉扳€淿shellComNavigator鈥?[E:\_Free code\WinTab\src\WinTab.App\WinTab.App_xzhk2mrj_wpftmp.csproj]
         E:\_Free code\WinTab\src\WinTab.App\ExplorerTabUtilityPort\ExplorerTabHookService.cs(2036,32): error CS0103: 褰撳墠涓婁笅鏂囦腑涓嶅瓨鍦ㄥ悕绉扳€淿shellComNavigator鈥?[E:\_Free code\WinTab\src\WinTab.App\WinTab.App_xzhk2mrj_wpftmp.csproj]

    0 涓鍛?
    9 涓敊璇?

宸茬敤鏃堕棿 00:00:01.45
